Archive member included to satisfy reference by file (symbol)

C:/ST/STM32CubeIDE_1.14.0/STM32CubeIDE/plugins/com.st.stm32cube.ide.mcu.externaltools.gnu-tools-for-stm32.11.3.rel1.win32_1.1.100.202309141235/tools/bin/../lib/gcc/arm-none-eabi/11.3.1/../../../../arm-none-eabi/lib/thumb/v7e-m+dp/hard\libc_nano.a(libc_a-exit.o)
                              C:/ST/STM32CubeIDE_1.14.0/STM32CubeIDE/plugins/com.st.stm32cube.ide.mcu.externaltools.gnu-tools-for-stm32.11.3.rel1.win32_1.1.100.202309141235/tools/bin/../lib/gcc/arm-none-eabi/11.3.1/../../../../arm-none-eabi/lib/thumb/v7e-m+dp/hard/crt0.o (exit)
C:/ST/STM32CubeIDE_1.14.0/STM32CubeIDE/plugins/com.st.stm32cube.ide.mcu.externaltools.gnu-tools-for-stm32.11.3.rel1.win32_1.1.100.202309141235/tools/bin/../lib/gcc/arm-none-eabi/11.3.1/../../../../arm-none-eabi/lib/thumb/v7e-m+dp/hard\libc_nano.a(libc_a-findfp.o)
                              C:/ST/STM32CubeIDE_1.14.0/STM32CubeIDE/plugins/com.st.stm32cube.ide.mcu.externaltools.gnu-tools-for-stm32.11.3.rel1.win32_1.1.100.202309141235/tools/bin/../lib/gcc/arm-none-eabi/11.3.1/../../../../arm-none-eabi/lib/thumb/v7e-m+dp/hard\libc_nano.a(libc_a-exit.o) (__stdio_exit_handler)
C:/ST/STM32CubeIDE_1.14.0/STM32CubeIDE/plugins/com.st.stm32cube.ide.mcu.externaltools.gnu-tools-for-stm32.11.3.rel1.win32_1.1.100.202309141235/tools/bin/../lib/gcc/arm-none-eabi/11.3.1/../../../../arm-none-eabi/lib/thumb/v7e-m+dp/hard\libc_nano.a(libc_a-fwalk.o)
                              C:/ST/STM32CubeIDE_1.14.0/STM32CubeIDE/plugins/com.st.stm32cube.ide.mcu.externaltools.gnu-tools-for-stm32.11.3.rel1.win32_1.1.100.202309141235/tools/bin/../lib/gcc/arm-none-eabi/11.3.1/../../../../arm-none-eabi/lib/thumb/v7e-m+dp/hard\libc_nano.a(libc_a-findfp.o) (_fwalk_sglue)
C:/ST/STM32CubeIDE_1.14.0/STM32CubeIDE/plugins/com.st.stm32cube.ide.mcu.externaltools.gnu-tools-for-stm32.11.3.rel1.win32_1.1.100.202309141235/tools/bin/../lib/gcc/arm-none-eabi/11.3.1/../../../../arm-none-eabi/lib/thumb/v7e-m+dp/hard\libc_nano.a(libc_a-stdio.o)
                              C:/ST/STM32CubeIDE_1.14.0/STM32CubeIDE/plugins/com.st.stm32cube.ide.mcu.externaltools.gnu-tools-for-stm32.11.3.rel1.win32_1.1.100.202309141235/tools/bin/../lib/gcc/arm-none-eabi/11.3.1/../../../../arm-none-eabi/lib/thumb/v7e-m+dp/hard\libc_nano.a(libc_a-findfp.o) (__sread)
C:/ST/STM32CubeIDE_1.14.0/STM32CubeIDE/plugins/com.st.stm32cube.ide.mcu.externaltools.gnu-tools-for-stm32.11.3.rel1.win32_1.1.100.202309141235/tools/bin/../lib/gcc/arm-none-eabi/11.3.1/../../../../arm-none-eabi/lib/thumb/v7e-m+dp/hard\libc_nano.a(libc_a-memset.o)
                              C:/ST/STM32CubeIDE_1.14.0/STM32CubeIDE/plugins/com.st.stm32cube.ide.mcu.externaltools.gnu-tools-for-stm32.11.3.rel1.win32_1.1.100.202309141235/tools/bin/../lib/gcc/arm-none-eabi/11.3.1/../../../../arm-none-eabi/lib/thumb/v7e-m+dp/hard/crt0.o (memset)
C:/ST/STM32CubeIDE_1.14.0/STM32CubeIDE/plugins/com.st.stm32cube.ide.mcu.externaltools.gnu-tools-for-stm32.11.3.rel1.win32_1.1.100.202309141235/tools/bin/../lib/gcc/arm-none-eabi/11.3.1/../../../../arm-none-eabi/lib/thumb/v7e-m+dp/hard\libc_nano.a(libc_a-closer.o)
                              C:/ST/STM32CubeIDE_1.14.0/STM32CubeIDE/plugins/com.st.stm32cube.ide.mcu.externaltools.gnu-tools-for-stm32.11.3.rel1.win32_1.1.100.202309141235/tools/bin/../lib/gcc/arm-none-eabi/11.3.1/../../../../arm-none-eabi/lib/thumb/v7e-m+dp/hard\libc_nano.a(libc_a-stdio.o) (_close_r)
C:/ST/STM32CubeIDE_1.14.0/STM32CubeIDE/plugins/com.st.stm32cube.ide.mcu.externaltools.gnu-tools-for-stm32.11.3.rel1.win32_1.1.100.202309141235/tools/bin/../lib/gcc/arm-none-eabi/11.3.1/../../../../arm-none-eabi/lib/thumb/v7e-m+dp/hard\libc_nano.a(libc_a-reent.o)
                              C:/ST/STM32CubeIDE_1.14.0/STM32CubeIDE/plugins/com.st.stm32cube.ide.mcu.externaltools.gnu-tools-for-stm32.11.3.rel1.win32_1.1.100.202309141235/tools/bin/../lib/gcc/arm-none-eabi/11.3.1/../../../../arm-none-eabi/lib/thumb/v7e-m+dp/hard\libc_nano.a(libc_a-closer.o) (errno)
C:/ST/STM32CubeIDE_1.14.0/STM32CubeIDE/plugins/com.st.stm32cube.ide.mcu.externaltools.gnu-tools-for-stm32.11.3.rel1.win32_1.1.100.202309141235/tools/bin/../lib/gcc/arm-none-eabi/11.3.1/../../../../arm-none-eabi/lib/thumb/v7e-m+dp/hard\libc_nano.a(libc_a-impure.o)
                              C:/ST/STM32CubeIDE_1.14.0/STM32CubeIDE/plugins/com.st.stm32cube.ide.mcu.externaltools.gnu-tools-for-stm32.11.3.rel1.win32_1.1.100.202309141235/tools/bin/../lib/gcc/arm-none-eabi/11.3.1/../../../../arm-none-eabi/lib/thumb/v7e-m+dp/hard\libc_nano.a(libc_a-reent.o) (_impure_ptr)
C:/ST/STM32CubeIDE_1.14.0/STM32CubeIDE/plugins/com.st.stm32cube.ide.mcu.externaltools.gnu-tools-for-stm32.11.3.rel1.win32_1.1.100.202309141235/tools/bin/../lib/gcc/arm-none-eabi/11.3.1/../../../../arm-none-eabi/lib/thumb/v7e-m+dp/hard\libc_nano.a(libc_a-lseekr.o)
[...]
Memory Configuration

Name             Origin             Length             Attributes
FLASH            0x0000000008000000 0x0000000000200000 xr
DTCMRAM          0x0000000020000000 0x0000000000020000 xrw
RAM_D1           0x0000000024000000 0x0000000000080000 xrw
RAM_D2           0x0000000030000000 0x0000000000048000 xrw
RAM_D3           0x0000000038000000 0x0000000000010000 xrw
ITCMRAM          0x0000000000000000 0x0000000000010000 xrw
*default*        0x0000000000000000 0xffffffffffffffff

Linker script and memory map

LOAD C:/ST/STM32CubeIDE_1.14.0/STM32CubeIDE/plugins/com.st.stm32cube.ide.mcu.externaltools.gnu-tools-for-stm32.11.3.rel1.win32_1.1.100.202309141235/tools/bin/../lib/gcc/arm-none-eabi/11.3.1/thumb/v7e-m+dp/hard/crti.o
LOAD C:/ST/STM32CubeIDE_1.14.0/STM32CubeIDE/plugins/com.st.stm32cube.ide.mcu.externaltools.gnu-tools-for-stm32.11.3.rel1.win32_1.1.100.202309141235/tools/bin/../lib/gcc/arm-none-eabi/11.3.1/thumb/v7e-m+dp/hard/crtbegin.o
LOAD C:/ST/STM32CubeIDE_1.14.0/STM32CubeIDE/plugins/com.st.stm32cube.ide.mcu.externaltools.gnu-tools-for-stm32.11.3.rel1.win32_1.1.100.202309141235/tools/bin/../lib/gcc/arm-none-eabi/11.3.1/../../../../arm-none-eabi/lib/thumb/v7e-m+dp/hard/crt0.o
LOAD ./Core/Src/adc.o
LOAD ./Core/Src/adc_app.o
LOAD ./Core/Src/dma.o
LOAD ./Core/Src/gpio.o
LOAD ./Core/Src/main.o
LOAD ./Core/Src/stm32h7xx_hal_msp.o
LOAD ./Core/Src/stm32h7xx_it.o
LOAD ./Core/Src/syscalls.o
LOAD ./Core/Src/sysmem.o
LOAD ./Core/Src/system_stm32h7xx.o
LOAD ./Core/Src/tim.o
LOAD ./Core/Startup/startup_stm32h753zitx.o
LOAD ./Drivers/STM32H7xx_HAL_Driver/Src/stm32h7xx_hal.o
LOAD ./Drivers/STM32H7xx_HAL_Driver/Src/stm32h7xx_hal_adc.o
LOAD ./Drivers/STM32H7xx_HAL_Driver/Src/stm32h7xx_hal_adc_ex.o
LOAD ./Drivers/STM32H7xx_HAL_Driver/Src/stm32h7xx_hal_cortex.o
LOAD ./Drivers/STM32H7xx_HAL_Driver/Src/stm32h7xx_hal_dma.o
LOAD ./Drivers/STM32H7xx_HAL_Driver/Src/stm32h7xx_hal_dma_ex.o
LOAD ./Drivers/STM32H7xx_HAL_Driver/Src/stm32h7xx_hal_exti.o
LOAD ./Drivers/STM32H7xx_HAL_Driver/Src/stm32h7xx_hal_flash.o
LOAD ./Drivers/STM32H7xx_HAL_Driver/Src/stm32h7xx_hal_flash_ex.o
LOAD ./Drivers/STM32H7xx_HAL_Driver/Src/stm32h7xx_hal_gpio.o
LOAD ./Drivers/STM32H7xx_HAL_Driver/Src/stm32h7xx_hal_hsem.o
LOAD ./Drivers/STM32H7xx_HAL_Driver/Src/stm32h7xx_hal_i2c.o
LOAD ./Drivers/STM32H7xx_HAL_Driver/Src/stm32h7xx_hal_i2c_ex.o
LOAD ./Drivers/STM32H7xx_HAL_Driver/Src/stm32h7xx_hal_mdma.o
LOAD ./Drivers/STM32H7xx_HAL_Driver/Src/stm32h7xx_hal_pwr.o
LOAD ./Drivers/STM32H7xx_HAL_Driver/Src/stm32h7xx_hal_pwr_ex.o
LOAD ./Drivers/STM32H7xx_HAL_Driver/Src/stm32h7xx_hal_rcc.o
LOAD ./Drivers/STM32H7xx_HAL_Driver/Src/stm32h7xx_hal_rcc_ex.o
LOAD ./Drivers/STM32H7xx_HAL_Driver/Src/stm32h7xx_hal_tim.o
LOAD ./Drivers/STM32H7xx_HAL_Driver/Src/stm32h7xx_hal_tim_ex.o
START GROUP
LOAD C:/ST/STM32CubeIDE_1.14.0/STM32CubeIDE/plugins/com.st.stm32cube.ide.mcu.externaltools.gnu-tools-for-stm32.11.3.rel1.win32_1.1.100.202309141235/tools/bin/../lib/gcc/arm-none-eabi/11.3.1/../../../../arm-none-eabi/lib/thumb/v7e-m+dp/hard\libc_nano.a
LOAD C:/ST/STM32CubeIDE_1.14.0/STM32CubeIDE/plugins/com.st.stm32cube.ide.mcu.externaltools.gnu-tools-for-stm32.11.3.rel1.win32_1.1.100.202309141235/tools/bin/../lib/gcc/arm-none-eabi/11.3.1/../../../../arm-none-eabi/lib/thumb/v7e-m+dp/hard\libm.a
END GROUP
START GROUP
LOAD C:/ST/STM32CubeIDE_1.14.0/STM32CubeIDE/plugins/com.st.stm32cube.ide.mcu.externaltools.gnu-tools-for-stm32.11.3.rel1.win32_1.1.100.202309141235/tools/bin/../lib/gcc/arm-none-eabi/11.3.1/thumb/v7e-m+dp/hard\libgcc.a
LOAD C:/ST/STM32CubeIDE_1.14.0/STM32CubeIDE/plugins/com.st.stm32cube.ide.mcu.externaltools.gnu-tools-for-stm32.11.3.rel1.win32_1.1.100.202309141235/tools/bin/../lib/gcc/arm-none-eabi/11.3.1/../../../../arm-none-eabi/lib/thumb/v7e-m+dp/hard\libc_nano.a
END GROUP
START GROUP
LOAD C:/ST/STM32CubeIDE_1.14.0/STM32CubeIDE/plugins/com.st.stm32cube.ide.mcu.externaltools.gnu-tools-for-stm32.11.3.rel1.win32_1.1.100.202309141235/tools/bin/../lib/gcc/arm-none-eabi/11.3.1/thumb/v7e-m+dp/hard\libgcc.a
LOAD C:/ST/STM32CubeIDE_1.14.0/STM32CubeIDE/plugins/com.st.stm32cube.ide.mcu.externaltools.gnu-tools-for-stm32.11.3.rel1.win32_1.1.100.202309141235/tools/bin/../lib/gcc/arm-none-eabi/11.3.1/../../../../arm-none-eabi/lib/thumb/v7e-m+dp/hard\libc_nano.a
LOAD C:/ST/STM32CubeIDE_1.14.0/STM32CubeIDE/plugins/com.st.stm32cube.ide.mcu.externaltools.gnu-tools-for-stm32.11.3.rel1.win32_1.1.100.202309141235/tools/bin/../lib/gcc/arm-none-eabi/11.3.1/../../../../arm-none-eabi/lib/thumb/v7e-m+dp/hard\libnosys.a
END GROUP
START GROUP
LOAD C:/ST/STM32CubeIDE_1.14.0/STM32CubeIDE/plugins/com.st.stm32cube.ide.mcu.externaltools.gnu-tools-for-stm32.11.3.rel1.win32_1.1.100.202309141235/tools/bin/../lib/gcc/arm-none-eabi/11.3.1/thumb/v7e-m+dp/hard\libgcc.a
LOAD C:/ST/STM32CubeIDE_1.14.0/STM32CubeIDE/plugins/com.st.stm32cube.ide.mcu.externaltools.gnu-tools-for-stm32.11.3.rel1.win32_1.1.100.202309141235/tools/bin/../lib/gcc/arm-none-eabi/11.3.1/../../../../arm-none-eabi/lib/thumb/v7e-m+dp/hard\libc_nano.a
LOAD C:/ST/STM32CubeIDE_1.14.0/STM32CubeIDE/plugins/com.st.stm32cube.ide.mcu.externaltools.gnu-tools-for-stm32.11.3.rel1.win32_1.1.100.202309141235/tools/bin/../lib/gcc/arm-none-eabi/11.3.1/../../../../arm-none-eabi/lib/thumb/v7e-m+dp/hard\libnosys.a
END GROUP
LOAD C:/ST/STM32CubeIDE_1.14.0/STM32CubeIDE/plugins/com.st.stm32cube.ide.mcu.externaltools.gnu-tools-for-stm32.11.3.rel1.win32_1.1.100.202309141235/tools/bin/../lib/gcc/arm-none-eabi/11.3.1/thumb/v7e-m+dp/hard/crtend.o
LOAD C:/ST/STM32CubeIDE_1.14.0/STM32CubeIDE/plugins/com.st.stm32cube.ide.mcu.externaltools.gnu-tools-for-stm32.11.3.rel1.win32_1.1.100.202309141235/tools/bin/../lib/gcc/arm-none-eabi/11.3.1/thumb/v7e-m+dp/hard/crtn.o
                0x0000000024080000                _estack = (ORIGIN (RAM_D1) + LENGTH (RAM_D1))
                0x0000000000000200                _Min_Heap_Size = 0x200
                0x0000000000000400                _Min_Stack_Size = 0x400

.isr_vector     0x0000000008000000      0x298
                0x0000000008000000                . = ALIGN (0x4)
 *(.isr_vector)
 .isr_vector    0x0000000008000000      0x298 ./Core/Startup/startup_stm32h753zitx.o
                0x0000000008000000                g_pfnVectors
                0x0000000008000298                . = ALIGN (0x4)

.text           0x0000000008000298     0xa158
                0x0000000008000298                . = ALIGN (0x4)
 *(.text)
 .text          0x0000000008000298       0x40 C:/ST/STM32CubeIDE_1.14.0/STM32CubeIDE/plugins/com.st.stm32cube.ide.mcu.externaltools.gnu-tools-for-stm32.11.3.rel1.win32_1.1.100.202309141235/tools/bin/../lib/gcc/arm-none-eabi/11.3.1/thumb/v7e-m+dp/hard/crtbegin.o
 *(.text*)
 .text.MX_ADC1_Init
                0x00000000080002d8      0x21c ./Core/Src/adc.o
                0x00000000080002d8                MX_ADC1_Init
 .text.HAL_ADC_MspInit
                0x00000000080004f4      0x224 ./Core/Src/adc.o
                0x00000000080004f4                HAL_ADC_MspInit
 .text.adc_app_init
                0x0000000008000718       0x2c ./Core/Src/adc_app.o
                0x0000000008000718                adc_app_init
 .text.adc_app_start
                0x0000000008000744       0x4c ./Core/Src/adc_app.o
                0x0000000008000744                adc_app_start
 .text.adc_app_frame_available
                0x0000000008000790       0x18 ./Core/Src/adc_app.o
                0x0000000008000790                adc_app_frame_available
 .text.adc_app_get_latest_frame
                0x00000000080007a8       0x30 ./Core/Src/adc_app.o
                0x00000000080007a8                adc_app_get_latest_frame
 .text.adc_app_trigger_injected_it
                0x00000000080007d8       0x30 ./Core/Src/adc_app.o
                0x00000000080007d8                adc_app_trigger_injected_it
 .text.adc_app_injected_available
                0x0000000008000808       0x18 ./Core/Src/adc_app.o
                0x0000000008000808                adc_app_injected_available
 .text.adc_app_get_injected_latest
                0x0000000008000820       0x24 ./Core/Src/adc_app.o
                0x0000000008000820                adc_app_get_injected_latest
 .text.HAL_ADC_ConvHalfCpltCallback
                0x0000000008000844       0x5c ./Core/Src/adc_app.o
                0x0000000008000844                HAL_ADC_ConvHalfCpltCallback
 .text.HAL_ADC_ConvCpltCallback
                0x00000000080008a0       0x64 ./Core/Src/adc_app.o
                0x00000000080008a0                HAL_ADC_ConvCpltCallback
 .text.HAL_ADCEx_InjectedConvCpltCallback
                0x0000000008000904       0x40 ./Core/Src/adc_app.o
                0x0000000008000904                HAL_ADCEx_InjectedConvCpltCallback
 .text.MX_DMA_Init
                0x0000000008000944       0x40 ./Core/Src/dma.o
                0x0000000008000944                MX_DMA_Init
 .text.MX_GPIO_Init
                0x0000000008000984       0xac ./Core/Src/gpio.o
                0x0000000008000984                MX_GPIO_Init
 .text.main     0x0000000008000a30       0x7c ./Core/Src/main.o
                0x0000000008000a30                main
 .text.SystemClock_Config
                0x0000000008000aac       0xf4 ./Core/Src/main.o
                0x0000000008000aac                SystemClock_Config
 .text.MPU_Config
                0x0000000008000ba0       0x58 ./Core/Src/main.o
 .text.Error_Handler
                0x0000000008000bf8        0xa ./Core/Src/main.o
                0x0000000008000bf8                Error_Handler
 *fill*         0x0000000008000c02        0x2 
 .text.HAL_MspInit
                0x0000000008000c04       0x34 ./Core/Src/stm32h7xx_hal_msp.o
                0x0000000008000c04                HAL_MspInit
 .text.NMI_Handler
                0x0000000008000c38        0x6 ./Core/Src/stm32h7xx_it.o
                0x0000000008000c38                NMI_Handler
 .text.HardFault_Handler
                0x0000000008000c3e        0x6 ./Core/Src/stm32h7xx_it.o
                0x0000000008000c3e                HardFault_Handler
 .text.MemManage_Handler
                0x0000000008000c44        0x6 ./Core/Src/stm32h7xx_it.o
                0x0000000008000c44                MemManage_Handler
 .text.BusFault_Handler
                0x0000000008000c4a        0x6 ./Core/Src/stm32h7xx_it.o
                0x0000000008000c4a                BusFault_Handler
 .text.UsageFault_Handler
                0x0000000008000c50        0x6 ./Core/Src/stm32h7xx_it.o
                0x0000000008000c50                UsageFault_Handler
 .text.SVC_Handler
                0x0000000008000c56        0xe ./Core/Src/stm32h7xx_it.o
                0x0000000008000c56                SVC_Handler
 .text.DebugMon_Handler
                0x0000000008000c64        0xe ./Core/Src/stm32h7xx_it.o
                0x0000000008000c64                DebugMon_Handler
 .text.PendSV_Handler
                0x0000000008000c72        0xe ./Core/Src/stm32h7xx_it.o
                0x0000000008000c72                PendSV_Handler
 .text.SysTick_Handler
                0x0000000008000c80        0xc ./Core/Src/stm32h7xx_it.o
                0x0000000008000c80                SysTick_Handler
 .text.DMA1_Stream0_IRQHandler
                0x0000000008000c8c       0x14 ./Core/Src/stm32h7xx_it.o
                0x0000000008000c8c                DMA1_Stream0_IRQHandler
 .text.ADC_IRQHandler
                0x0000000008000ca0       0x14 ./Core/Src/stm32h7xx_it.o
                0x0000000008000ca0                ADC_IRQHandler
 .text.SystemInit
                0x0000000008000cb4      0x140 ./Core/Src/system_stm32h7xx.o
                0x0000000008000cb4                SystemInit
 .text.ExitRun0Mode
                0x0000000008000df4       0x30 ./Core/Src/system_stm32h7xx.o
                0x0000000008000df4                ExitRun0Mode
 .text.MX_TIM2_Init
                0x0000000008000e24       0x9c ./Core/Src/tim.o
                0x0000000008000e24                MX_TIM2_Init
 .text.HAL_TIM_Base_MspInit
                0x0000000008000ec0       0x40 ./Core/Src/tim.o
                0x0000000008000ec0                HAL_TIM_Base_MspInit
 .text.Reset_Handler
                0x0000000008000f00       0x54 ./Core/Startup/startup_stm32h753zitx.o
                0x0000000008000f00                Reset_Handler
 .text.Default_Handler
                0x0000000008000f54        0x2 ./Core/Startup/startup_stm32h753zitx.o
                0x0000000008000f54                RTC_Alarm_IRQHandler
                0x0000000008000f54                HASH_RNG_IRQHandler
                0x0000000008000f54                EXTI2_IRQHandler
                0x0000000008000f54                TIM8_CC_IRQHandler
                0x0000000008000f54                HRTIM1_Master_IRQHandler
                0x0000000008000f54                UART8_IRQHandler
                0x0000000008000f54                SPI4_IRQHandler
                0x0000000008000f54                TIM1_CC_IRQHandler
                0x0000000008000f54                BDMA_Channel6_IRQHandler
                0x0000000008000f54                DMA2_Stream5_IRQHandler
                0x0000000008000f54                HRTIM1_FLT_IRQHandler
                0x0000000008000f54                JPEG_IRQHandler
                0x0000000008000f54                DMA1_Stream5_IRQHandler
                0x0000000008000f54                BDMA_Channel1_IRQHandler
                0x0000000008000f54                HRTIM1_TIMD_IRQHandler
                0x0000000008000f54                TAMP_STAMP_IRQHandler
                0x0000000008000f54                EXTI3_IRQHandler
                0x0000000008000f54                LPTIM4_IRQHandler
                0x0000000008000f54                TIM8_TRG_COM_TIM14_IRQHandler
                0x0000000008000f54                LPTIM2_IRQHandler
                0x0000000008000f54                DFSDM1_FLT1_IRQHandler
                0x0000000008000f54                DMAMUX2_OVR_IRQHandler
                0x0000000008000f54                TIM8_UP_TIM13_IRQHandler
                0x0000000008000f54                I2C3_ER_IRQHandler
                0x0000000008000f54                DFSDM1_FLT2_IRQHandler
                0x0000000008000f54                MDMA_IRQHandler
                0x0000000008000f54                LPTIM3_IRQHandler
                0x0000000008000f54                HSEM1_IRQHandler
                0x0000000008000f54                EXTI0_IRQHandler
                0x0000000008000f54                I2C2_EV_IRQHandler
                0x0000000008000f54                DMA1_Stream2_IRQHandler
                0x0000000008000f54                FPU_IRQHandler
                0x0000000008000f54                OTG_HS_WKUP_IRQHandler
                0x0000000008000f54                FDCAN1_IT1_IRQHandler
                0x0000000008000f54                LTDC_ER_IRQHandler
                0x0000000008000f54                DMA2_Stream2_IRQHandler
                0x0000000008000f54                HRTIM1_TIME_IRQHandler
                0x0000000008000f54                SPI1_IRQHandler
                0x0000000008000f54                TIM6_DAC_IRQHandler
                0x0000000008000f54                DCMI_IRQHandler
                0x0000000008000f54                HRTIM1_TIMC_IRQHandler
                0x0000000008000f54                DMA2_Stream3_IRQHandler
                0x0000000008000f54                SAI2_IRQHandler
                0x0000000008000f54                DFSDM1_FLT3_IRQHandler
                0x0000000008000f54                USART6_IRQHandler
                0x0000000008000f54                TIM17_IRQHandler
                0x0000000008000f54                USART3_IRQHandler
                0x0000000008000f54                BDMA_Channel7_IRQHandler
                0x0000000008000f54                CRYP_IRQHandler
                0x0000000008000f54                LPTIM5_IRQHandler
                0x0000000008000f54                UART5_IRQHandler
                0x0000000008000f54                ADC3_IRQHandler
                0x0000000008000f54                DMA2_Stream0_IRQHandler
                0x0000000008000f54                TIM4_IRQHandler
                0x0000000008000f54                BDMA_Channel2_IRQHandler
                0x0000000008000f54                QUADSPI_IRQHandler
                0x0000000008000f54                I2C1_EV_IRQHandler
                0x0000000008000f54                DMA1_Stream6_IRQHandler
                0x0000000008000f54                DMAMUX1_OVR_IRQHandler
                0x0000000008000f54                DMA1_Stream1_IRQHandler
                0x0000000008000f54                TIM16_IRQHandler
                0x0000000008000f54                UART4_IRQHandler
                0x0000000008000f54                BDMA_Channel5_IRQHandler
                0x0000000008000f54                TIM3_IRQHandler
                0x0000000008000f54                RCC_IRQHandler
                0x0000000008000f54                TIM8_BRK_TIM12_IRQHandler
                0x0000000008000f54                TIM1_TRG_COM_IRQHandler
                0x0000000008000f54                Default_Handler
                0x0000000008000f54                ECC_IRQHandler
                0x0000000008000f54                CEC_IRQHandler
                0x0000000008000f54                EXTI15_10_IRQHandler
                0x0000000008000f54                BDMA_Channel0_IRQHandler
                0x0000000008000f54                DMA1_Stream7_IRQHandler
                0x0000000008000f54                HRTIM1_TIMA_IRQHandler
                0x0000000008000f54                SPI5_IRQHandler
                0x0000000008000f54                TIM7_IRQHandler
                0x0000000008000f54                SDMMC1_IRQHandler
                0x0000000008000f54                TIM5_IRQHandler
                0x0000000008000f54                DMA2_Stream7_IRQHandler
                0x0000000008000f54                TIM15_IRQHandler
                0x0000000008000f54                PVD_AVD_IRQHandler
                0x0000000008000f54                I2C3_EV_IRQHandler
                0x0000000008000f54                EXTI9_5_IRQHandler
                0x0000000008000f54                RTC_WKUP_IRQHandler
                0x0000000008000f54                LTDC_IRQHandler
                0x0000000008000f54                SAI3_IRQHandler
                0x0000000008000f54                ETH_WKUP_IRQHandler
                0x0000000008000f54                SPDIF_RX_IRQHandler
                0x0000000008000f54                SPI2_IRQHandler
                0x0000000008000f54                OTG_HS_EP1_IN_IRQHandler
                0x0000000008000f54                CRS_IRQHandler
                0x0000000008000f54                EXTI4_IRQHandler
                0x0000000008000f54                HRTIM1_TIMB_IRQHandler
                0x0000000008000f54                FDCAN2_IT1_IRQHandler
                0x0000000008000f54                ETH_IRQHandler
                0x0000000008000f54                TIM1_UP_IRQHandler
                0x0000000008000f54                BDMA_Channel4_IRQHandler
                0x0000000008000f54                OTG_HS_EP1_OUT_IRQHandler
                0x0000000008000f54                WWDG_IRQHandler
                0x0000000008000f54                SPI6_IRQHandler
                0x0000000008000f54                MDIOS_IRQHandler
                0x0000000008000f54                I2C4_EV_IRQHandler
                0x0000000008000f54                FDCAN2_IT0_IRQHandler
                0x0000000008000f54                LPUART1_IRQHandler
                0x0000000008000f54                FDCAN1_IT0_IRQHandler
                0x0000000008000f54                TIM2_IRQHandler
                0x0000000008000f54                OTG_FS_WKUP_IRQHandler
                0x0000000008000f54                OTG_HS_IRQHandler
                0x0000000008000f54                DMA2D_IRQHandler
                0x0000000008000f54                TIM1_BRK_IRQHandler
                0x0000000008000f54                EXTI1_IRQHandler
                0x0000000008000f54                SDMMC2_IRQHandler
                0x0000000008000f54                OTG_FS_EP1_OUT_IRQHandler
                0x0000000008000f54                BDMA_Channel3_IRQHandler
                0x0000000008000f54                UART7_IRQHandler
                0x0000000008000f54                MDIOS_WKUP_IRQHandler
                0x0000000008000f54                USART2_IRQHandler
                0x0000000008000f54                DFSDM1_FLT0_IRQHandler
                0x0000000008000f54                SAI4_IRQHandler
                0x0000000008000f54                I2C2_ER_IRQHandler
                0x0000000008000f54                DMA2_Stream1_IRQHandler
                0x0000000008000f54                FLASH_IRQHandler
                0x0000000008000f54                DMA2_Stream4_IRQHandler
                0x0000000008000f54                USART1_IRQHandler
                0x0000000008000f54                OTG_FS_IRQHandler
                0x0000000008000f54                SPI3_IRQHandler
                0x0000000008000f54                WAKEUP_PIN_IRQHandler
                0x0000000008000f54                DMA1_Stream4_IRQHandler
                0x0000000008000f54                OTG_FS_EP1_IN_IRQHandler
                0x0000000008000f54                I2C1_ER_IRQHandler
                0x0000000008000f54                FMC_IRQHandler
                0x0000000008000f54                FDCAN_CAL_IRQHandler
                0x0000000008000f54                SWPMI1_IRQHandler
                0x0000000008000f54                COMP1_IRQHandler
                0x0000000008000f54                LPTIM1_IRQHandler
                0x0000000008000f54                I2C4_ER_IRQHandler
                0x0000000008000f54                DMA2_Stream6_IRQHandler
                0x0000000008000f54                SAI1_IRQHandler
                0x0000000008000f54                DMA1_Stream3_IRQHandler
 *fill*         0x0000000008000f56        0x2 
 .text.HAL_Init
                0x0000000008000f58       0x78 ./Drivers/STM32H7xx_HAL_Driver/Src/stm32h7xx_hal.o
                0x0000000008000f58                HAL_Init
 .text.HAL_InitTick
                0x0000000008000fd0       0x6c ./Drivers/STM32H7xx_HAL_Driver/Src/stm32h7xx_hal.o
                0x0000000008000fd0                HAL_InitTick
 .text.HAL_IncTick
                0x000000000800103c       0x28 ./Drivers/STM32H7xx_HAL_Driver/Src/stm32h7xx_hal.o
                0x000000000800103c                HAL_IncTick
 .text.HAL_GetTick
                0x0000000008001064       0x18 ./Drivers/STM32H7xx_HAL_Driver/Src/stm32h7xx_hal.o
                0x0000000008001064                HAL_GetTick
 .text.HAL_GetREVID
                0x000000000800107c       0x18 ./Drivers/STM32H7xx_HAL_Driver/Src/stm32h7xx_hal.o
                0x000000000800107c                HAL_GetREVID
 .text.LL_ADC_SetCommonClock
                0x0000000008001094       0x26 ./Drivers/STM32H7xx_HAL_Driver/Src/stm32h7xx_hal_adc.o
 .text.LL_ADC_SetCommonPathInternalCh
                0x00000000080010ba       0x26 ./Drivers/STM32H7xx_HAL_Driver/Src/stm32h7xx_hal_adc.o
 .text.LL_ADC_GetCommonPathInternalCh
                0x00000000080010e0       0x1c ./Drivers/STM32H7xx_HAL_Driver/Src/stm32h7xx_hal_adc.o
 .text.LL_ADC_SetChannelPreselection
                0x00000000080010fc       0x66 ./Drivers/STM32H7xx_HAL_Driver/Src/stm32h7xx_hal_adc.o
 .text.LL_ADC_SetOffset
                0x0000000008001162       0x40 ./Drivers/STM32H7xx_HAL_Driver/Src/stm32h7xx_hal_adc.o
 .text.LL_ADC_SetDataRightShift
                0x00000000080011a2       0x32 ./Drivers/STM32H7xx_HAL_Driver/Src/stm32h7xx_hal_adc.o
 .text.LL_ADC_SetOffsetSignedSaturation
                0x00000000080011d4       0x36 ./Drivers/STM32H7xx_HAL_Driver/Src/stm32h7xx_hal_adc.o
 .text.LL_ADC_REG_IsTriggerSourceSWStart
                0x000000000800120a       0x26 ./Drivers/STM32H7xx_HAL_Driver/Src/stm32h7xx_hal_adc.o
 .text.LL_ADC_REG_SetSequencerRanks
                0x0000000008001230       0x58 ./Drivers/STM32H7xx_HAL_Driver/Src/stm32h7xx_hal_adc.o
 .text.LL_ADC_REG_SetDataTransferMode
                0x0000000008001288       0x26 ./Drivers/STM32H7xx_HAL_Driver/Src/stm32h7xx_hal_adc.o
 .text.LL_ADC_INJ_IsTriggerSourceSWStart
                0x00000000080012ae       0x26 ./Drivers/STM32H7xx_HAL_Driver/Src/stm32h7xx_hal_adc.o
 .text.LL_ADC_SetChannelSamplingTime
                0x00000000080012d4       0x56 ./Drivers/STM32H7xx_HAL_Driver/Src/stm32h7xx_hal_adc.o
 *fill*         0x000000000800132a        0x2 
 .text.LL_ADC_SetChannelSingleDiff
                0x000000000800132c       0x48 ./Drivers/STM32H7xx_HAL_Driver/Src/stm32h7xx_hal_adc.o
 .text.LL_ADC_GetMultimode
                0x0000000008001374       0x1c ./Drivers/STM32H7xx_HAL_Driver/Src/stm32h7xx_hal_adc.o
 .text.LL_ADC_GetMultiDMATransfer
                0x0000000008001390       0x1c ./Drivers/STM32H7xx_HAL_Driver/Src/stm32h7xx_hal_adc.o
 .text.LL_ADC_DisableDeepPowerDown
                0x00000000080013ac       0x24 ./Drivers/STM32H7xx_HAL_Driver/Src/stm32h7xx_hal_adc.o
 .text.LL_ADC_IsDeepPowerDownEnabled
                0x00000000080013d0       0x28 ./Drivers/STM32H7xx_HAL_Driver/Src/stm32h7xx_hal_adc.o
 .text.LL_ADC_EnableInternalRegulator
                0x00000000080013f8       0x28 ./Drivers/STM32H7xx_HAL_Driver/Src/stm32h7xx_hal_adc.o
 .text.LL_ADC_IsInternalRegulatorEnabled
                0x0000000008001420       0x28 ./Drivers/STM32H7xx_HAL_Driver/Src/stm32h7xx_hal_adc.o
 .text.LL_ADC_Enable
                0x0000000008001448       0x28 ./Drivers/STM32H7xx_HAL_Driver/Src/stm32h7xx_hal_adc.o
 .text.LL_ADC_IsEnabled
                0x0000000008001470       0x26 ./Drivers/STM32H7xx_HAL_Driver/Src/stm32h7xx_hal_adc.o
 *fill*         0x0000000008001496        0x2 
 .text.LL_ADC_REG_StartConversion
                0x0000000008001498       0x28 ./Drivers/STM32H7xx_HAL_Driver/Src/stm32h7xx_hal_adc.o
 .text.LL_ADC_REG_IsConversionOngoing
                0x00000000080014c0       0x26 ./Drivers/STM32H7xx_HAL_Driver/Src/stm32h7xx_hal_adc.o
 .text.LL_ADC_INJ_IsConversionOngoing
                0x00000000080014e6       0x26 ./Drivers/STM32H7xx_HAL_Driver/Src/stm32h7xx_hal_adc.o
 .text.HAL_ADC_Init
                0x000000000800150c      0x344 ./Drivers/STM32H7xx_HAL_Driver/Src/stm32h7xx_hal_adc.o
                0x000000000800150c                HAL_ADC_Init
 .text.HAL_ADC_Start_DMA
                0x0000000008001850      0x188 ./Drivers/STM32H7xx_HAL_Driver/Src/stm32h7xx_hal_adc.o
                0x0000000008001850                HAL_ADC_Start_DMA
 .text.HAL_ADC_IRQHandler
                0x00000000080019d8      0x474 ./Drivers/STM32H7xx_HAL_Driver/Src/stm32h7xx_hal_adc.o
                0x00000000080019d8                HAL_ADC_IRQHandler
 .text.HAL_ADC_LevelOutOfWindowCallback
                0x0000000008001e4c       0x14 ./Drivers/STM32H7xx_HAL_Driver/Src/stm32h7xx_hal_adc.o
                0x0000000008001e4c                HAL_ADC_LevelOutOfWindowCallback
 .text.HAL_ADC_ErrorCallback
                0x0000000008001e60       0x14 ./Drivers/STM32H7xx_HAL_Driver/Src/stm32h7xx_hal_adc.o
                0x0000000008001e60                HAL_ADC_ErrorCallback
 .text.HAL_ADC_ConfigChannel
                0x0000000008001e74      0x5e0 ./Drivers/STM32H7xx_HAL_Driver/Src/stm32h7xx_hal_adc.o
                0x0000000008001e74                HAL_ADC_ConfigChannel
 .text.ADC_Enable
                0x0000000008002454      0x114 ./Drivers/STM32H7xx_HAL_Driver/Src/stm32h7xx_hal_adc.o
                0x0000000008002454                ADC_Enable
 .text.ADC_DMAConvCplt
                0x0000000008002568       0xd8 ./Drivers/STM32H7xx_HAL_Driver/Src/stm32h7xx_hal_adc.o
                0x0000000008002568                ADC_DMAConvCplt
 .text.ADC_DMAHalfConvCplt
                0x0000000008002640       0x1c ./Drivers/STM32H7xx_HAL_Driver/Src/stm32h7xx_hal_adc.o
                0x0000000008002640                ADC_DMAHalfConvCplt
 .text.ADC_DMAError
                0x000000000800265c       0x34 ./Drivers/STM32H7xx_HAL_Driver/Src/stm32h7xx_hal_adc.o
                0x000000000800265c                ADC_DMAError
 .text.ADC_ConfigureBoostMode
                0x0000000008002690      0x218 ./Drivers/STM32H7xx_HAL_Driver/Src/stm32h7xx_hal_adc.o
                0x0000000008002690                ADC_ConfigureBoostMode
 .text.LL_ADC_SetCommonPathInternalCh
                0x00000000080028a8       0x26 ./Drivers/STM32H7xx_HAL_Driver/Src/stm32h7xx_hal_adc_ex.o
 .text.LL_ADC_GetCommonPathInternalCh
                0x00000000080028ce       0x1c ./Drivers/STM32H7xx_HAL_Driver/Src/stm32h7xx_hal_adc_ex.o
 .text.LL_ADC_SetChannelPreselection
                0x00000000080028ea       0x66 ./Drivers/STM32H7xx_HAL_Driver/Src/stm32h7xx_hal_adc_ex.o
 .text.LL_ADC_SetOffset
                0x0000000008002950       0x40 ./Drivers/STM32H7xx_HAL_Driver/Src/stm32h7xx_hal_adc_ex.o
 .text.LL_ADC_GetOffsetChannel
                0x0000000008002990       0x2c ./Drivers/STM32H7xx_HAL_Driver/Src/stm32h7xx_hal_adc_ex.o
 .text.LL_ADC_SetOffsetSignedSaturation
                0x00000000080029bc       0x36 ./Drivers/STM32H7xx_HAL_Driver/Src/stm32h7xx_hal_adc_ex.o
 .text.LL_ADC_INJ_GetTrigAuto
                0x00000000080029f2       0x1c ./Drivers/STM32H7xx_HAL_Driver/Src/stm32h7xx_hal_adc_ex.o
 *fill*         0x0000000008002a0e        0x2 
 .text.LL_ADC_INJ_SetQueueMode
                0x0000000008002a10       0x2c ./Drivers/STM32H7xx_HAL_Driver/Src/stm32h7xx_hal_adc_ex.o
 .text.LL_ADC_SetChannelSamplingTime
                0x0000000008002a3c       0x56 ./Drivers/STM32H7xx_HAL_Driver/Src/stm32h7xx_hal_adc_ex.o
 *fill*         0x0000000008002a92        0x2 
 .text.LL_ADC_SetChannelSingleDiff
                0x0000000008002a94       0x48 ./Drivers/STM32H7xx_HAL_Driver/Src/stm32h7xx_hal_adc_ex.o
 .text.LL_ADC_GetMultimode
                0x0000000008002adc       0x1c ./Drivers/STM32H7xx_HAL_Driver/Src/stm32h7xx_hal_adc_ex.o
 .text.LL_ADC_IsEnabled
                0x0000000008002af8       0x26 ./Drivers/STM32H7xx_HAL_Driver/Src/stm32h7xx_hal_adc_ex.o
 .text.LL_ADC_REG_IsConversionOngoing
                0x0000000008002b1e       0x26 ./Drivers/STM32H7xx_HAL_Driver/Src/stm32h7xx_hal_adc_ex.o
 .text.LL_ADC_INJ_StartConversion
                0x0000000008002b44       0x28 ./Drivers/STM32H7xx_HAL_Driver/Src/stm32h7xx_hal_adc_ex.o
 .text.LL_ADC_INJ_IsConversionOngoing
                0x0000000008002b6c       0x26 ./Drivers/STM32H7xx_HAL_Driver/Src/stm32h7xx_hal_adc_ex.o
 *fill*         0x0000000008002b92        0x2 
 .text.HAL_ADCEx_InjectedStart_IT
                0x0000000008002b94      0x1e8 ./Drivers/STM32H7xx_HAL_Driver/Src/stm32h7xx_hal_adc_ex.o
                0x0000000008002b94                HAL_ADCEx_InjectedStart_IT
 .text.HAL_ADCEx_InjectedGetValue
                0x0000000008002d7c       0x70 ./Drivers/STM32H7xx_HAL_Driver/Src/stm32h7xx_hal_adc_ex.o
                0x0000000008002d7c                HAL_ADCEx_InjectedGetValue
 .text.HAL_ADCEx_InjectedQueueOverflowCallback
                0x0000000008002dec       0x14 ./Drivers/STM32H7xx_HAL_Driver/Src/stm32h7xx_hal_adc_ex.o
                0x0000000008002dec                HAL_ADCEx_InjectedQueueOverflowCallback
 .text.HAL_ADCEx_LevelOutOfWindow2Callback
                0x0000000008002e00       0x14 ./Drivers/STM32H7xx_HAL_Driver/Src/stm32h7xx_hal_adc_ex.o
                0x0000000008002e00                HAL_ADCEx_LevelOutOfWindow2Callback
 .text.HAL_ADCEx_LevelOutOfWindow3Callback
                0x0000000008002e14       0x14 ./Drivers/STM32H7xx_HAL_Driver/Src/stm32h7xx_hal_adc_ex.o
                0x0000000008002e14                HAL_ADCEx_LevelOutOfWindow3Callback
 .text.HAL_ADCEx_EndOfSamplingCallback
                0x0000000008002e28       0x14 ./Drivers/STM32H7xx_HAL_Driver/Src/stm32h7xx_hal_adc_ex.o
                0x0000000008002e28                HAL_ADCEx_EndOfSamplingCallback
 .text.HAL_ADCEx_InjectedConfigChannel
                0x0000000008002e3c      0x9d4 ./Drivers/STM32H7xx_HAL_Driver/Src/stm32h7xx_hal_adc_ex.o
                0x0000000008002e3c                HAL_ADCEx_InjectedConfigChannel
 .text.HAL_ADCEx_MultiModeConfigChannel
                0x0000000008003810      0x1bc ./Drivers/STM32H7xx_HAL_Driver/Src/stm32h7xx_hal_adc_ex.o
                0x0000000008003810                HAL_ADCEx_MultiModeConfigChannel
 .text.HAL_ADCEx_DisableInjectedQueue
                0x00000000080039cc       0x4e ./Drivers/STM32H7xx_HAL_Driver/Src/stm32h7xx_hal_adc_ex.o
                0x00000000080039cc                HAL_ADCEx_DisableInjectedQueue
 *fill*         0x0000000008003a1a        0x2 
 .text.__NVIC_SetPriorityGrouping
                0x0000000008003a1c       0x48 ./Drivers/STM32H7xx_HAL_Driver/Src/stm32h7xx_hal_cortex.o
 .text.__NVIC_GetPriorityGrouping
                0x0000000008003a64       0x1c ./Drivers/STM32H7xx_HAL_Driver/Src/stm32h7xx_hal_cortex.o
 .text.__NVIC_EnableIRQ
                0x0000000008003a80       0x3c ./Drivers/STM32H7xx_HAL_Driver/Src/stm32h7xx_hal_cortex.o
 .text.__NVIC_SetPriority
                0x0000000008003abc       0x54 ./Drivers/STM32H7xx_HAL_Driver/Src/stm32h7xx_hal_cortex.o
 .text.NVIC_EncodePriority
                0x0000000008003b10       0x66 ./Drivers/STM32H7xx_HAL_Driver/Src/stm32h7xx_hal_cortex.o
 *fill*         0x0000000008003b76        0x2 
 .text.SysTick_Config
                0x0000000008003b78       0x44 ./Drivers/STM32H7xx_HAL_Driver/Src/stm32h7xx_hal_cortex.o
 .text.HAL_NVIC_SetPriorityGrouping
                0x0000000008003bbc       0x16 ./Drivers/STM32H7xx_HAL_Driver/Src/stm32h7xx_hal_cortex.o
                0x0000000008003bbc                HAL_NVIC_SetPriorityGrouping
 .text.HAL_NVIC_SetPriority
                0x0000000008003bd2       0x34 ./Drivers/STM32H7xx_HAL_Driver/Src/stm32h7xx_hal_cortex.o
                0x0000000008003bd2                HAL_NVIC_SetPriority
 .text.HAL_NVIC_EnableIRQ
                0x0000000008003c06       0x1c ./Drivers/STM32H7xx_HAL_Driver/Src/stm32h7xx_hal_cortex.o
                0x0000000008003c06                HAL_NVIC_EnableIRQ
 .text.HAL_SYSTICK_Config
                0x0000000008003c22       0x18 ./Drivers/STM32H7xx_HAL_Driver/Src/stm32h7xx_hal_cortex.o
                0x0000000008003c22                HAL_SYSTICK_Config
 *fill*         0x0000000008003c3a        0x2 
 .text.HAL_MPU_Disable
                0x0000000008003c3c       0x30 ./Drivers/STM32H7xx_HAL_Driver/Src/stm32h7xx_hal_cortex.o
                0x0000000008003c3c                HAL_MPU_Disable
 .text.HAL_MPU_Enable
                0x0000000008003c6c       0x40 ./Drivers/STM32H7xx_HAL_Driver/Src/stm32h7xx_hal_cortex.o
                0x0000000008003c6c                HAL_MPU_Enable
 .text.HAL_MPU_ConfigRegion
                0x0000000008003cac       0x80 ./Drivers/STM32H7xx_HAL_Driver/Src/stm32h7xx_hal_cortex.o
                0x0000000008003cac                HAL_MPU_ConfigRegion
 .text.HAL_DMA_Init
                0x0000000008003d2c      0x6b8 ./Drivers/STM32H7xx_HAL_Driver/Src/stm32h7xx_hal_dma.o
                0x0000000008003d2c                HAL_DMA_Init
 .text.HAL_DMA_Start_IT
                0x00000000080043e4      0x4d4 ./Drivers/STM32H7xx_HAL_Driver/Src/stm32h7xx_hal_dma.o
                0x00000000080043e4                HAL_DMA_Start_IT
 .text.HAL_DMA_IRQHandler
                0x00000000080048b8      0xe54 ./Drivers/STM32H7xx_HAL_Driver/Src/stm32h7xx_hal_dma.o
                0x00000000080048b8                HAL_DMA_IRQHandler
 .text.DMA_SetConfig
                0x000000000800570c      0x358 ./Drivers/STM32H7xx_HAL_Driver/Src/stm32h7xx_hal_dma.o
 .text.DMA_CalcBaseAndBitshift
                0x0000000008005a64      0x164 ./Drivers/STM32H7xx_HAL_Driver/Src/stm32h7xx_hal_dma.o
 .text.DMA_CheckFifoParam
                0x0000000008005bc8       0xf8 ./Drivers/STM32H7xx_HAL_Driver/Src/stm32h7xx_hal_dma.o
 .text.DMA_CalcDMAMUXChannelBaseAndMask
                0x0000000008005cc0      0x134 ./Drivers/STM32H7xx_HAL_Driver/Src/stm32h7xx_hal_dma.o
 .text.DMA_CalcDMAMUXRequestGenBaseAndMask
                0x0000000008005df4       0xe8 ./Drivers/STM32H7xx_HAL_Driver/Src/stm32h7xx_hal_dma.o
 .text.HAL_GPIO_Init
                0x0000000008005edc      0x360 ./Drivers/STM32H7xx_HAL_Driver/Src/stm32h7xx_hal_gpio.o
                0x0000000008005edc                HAL_GPIO_Init
 .text.HAL_PWREx_ConfigSupply
                0x000000000800623c       0x74 ./Drivers/STM32H7xx_HAL_Driver/Src/stm32h7xx_hal_pwr_ex.o
                0x000000000800623c                HAL_PWREx_ConfigSupply
 .text.HAL_RCC_OscConfig
                0x00000000080062b0      0x8b4 ./Drivers/STM32H7xx_HAL_Driver/Src/stm32h7xx_hal_rcc.o
                0x00000000080062b0                HAL_RCC_OscConfig
 .text.HAL_RCC_ClockConfig
                0x0000000008006b64      0x36c ./Drivers/STM32H7xx_HAL_Driver/Src/stm32h7xx_hal_rcc.o
                0x0000000008006b64                HAL_RCC_ClockConfig
 .text.HAL_RCC_GetSysClockFreq
                0x0000000008006ed0      0x2f4 ./Drivers/STM32H7xx_HAL_Driver/Src/stm32h7xx_hal_rcc.o
                0x0000000008006ed0                HAL_RCC_GetSysClockFreq
 .text.HAL_RCC_GetHCLKFreq
                0x00000000080071c4       0x60 ./Drivers/STM32H7xx_HAL_Driver/Src/stm32h7xx_hal_rcc.o
                0x00000000080071c4                HAL_RCC_GetHCLKFreq
 .text.HAL_RCC_GetPCLK1Freq
                0x0000000008007224       0x2c ./Drivers/STM32H7xx_HAL_Driver/Src/stm32h7xx_hal_rcc.o
                0x0000000008007224                HAL_RCC_GetPCLK1Freq
 .text.HAL_RCCEx_PeriphCLKConfig
                0x0000000008007250     0x1414 ./Drivers/STM32H7xx_HAL_Driver/Src/stm32h7xx_hal_rcc_ex.o
                0x0000000008007250                HAL_RCCEx_PeriphCLKConfig
 .text.HAL_RCCEx_GetPeriphCLKFreq
                0x0000000008008664      0xb00 ./Drivers/STM32H7xx_HAL_Driver/Src/stm32h7xx_hal_rcc_ex.o
                0x0000000008008664                HAL_RCCEx_GetPeriphCLKFreq
 .text.HAL_RCCEx_GetD3PCLK1Freq
                0x0000000008009164       0x2c ./Drivers/STM32H7xx_HAL_Driver/Src/stm32h7xx_hal_rcc_ex.o
                0x0000000008009164                HAL_RCCEx_GetD3PCLK1Freq
 .text.HAL_RCCEx_GetPLL2ClockFreq
                0x0000000008009190      0x2a8 ./Drivers/STM32H7xx_HAL_Driver/Src/stm32h7xx_hal_rcc_ex.o
                0x0000000008009190                HAL_RCCEx_GetPLL2ClockFreq
 .text.HAL_RCCEx_GetPLL3ClockFreq
                0x0000000008009438      0x2a8 ./Drivers/STM32H7xx_HAL_Driver/Src/stm32h7xx_hal_rcc_ex.o
                0x0000000008009438                HAL_RCCEx_GetPLL3ClockFreq
 .text.HAL_RCCEx_GetPLL1ClockFreq
                0x00000000080096e0      0x2a4 ./Drivers/STM32H7xx_HAL_Driver/Src/stm32h7xx_hal_rcc_ex.o
                0x00000000080096e0                HAL_RCCEx_GetPLL1ClockFreq
 .text.RCCEx_PLL2_Config
                0x0000000008009984      0x164 ./Drivers/STM32H7xx_HAL_Driver/Src/stm32h7xx_hal_rcc_ex.o
 .text.RCCEx_PLL3_Config
                0x0000000008009ae8      0x164 ./Drivers/STM32H7xx_HAL_Driver/Src/stm32h7xx_hal_rcc_ex.o
 .text.HAL_TIM_Base_Init
                0x0000000008009c4c       0xae ./Drivers/STM32H7xx_HAL_Driver/Src/stm32h7xx_hal_tim.o
                0x0000000008009c4c                HAL_TIM_Base_Init
 *fill*         0x0000000008009cfa        0x2 
 .text.HAL_TIM_Base_Start
                0x0000000008009cfc       0xe0 ./Drivers/STM32H7xx_HAL_Driver/Src/stm32h7xx_hal_tim.o
                0x0000000008009cfc                HAL_TIM_Base_Start
 .text.HAL_TIM_ConfigClockSource
                0x0000000008009ddc      0x1f0 ./Drivers/STM32H7xx_HAL_Driver/Src/stm32h7xx_hal_tim.o
                0x0000000008009ddc                HAL_TIM_ConfigClockSource
 .text.TIM_Base_SetConfig
                0x0000000008009fcc      0x140 ./Drivers/STM32H7xx_HAL_Driver/Src/stm32h7xx_hal_tim.o
                0x0000000008009fcc                TIM_Base_SetConfig
 .text.TIM_TI1_ConfigInputStage
                0x000000000800a10c       0x5e ./Drivers/STM32H7xx_HAL_Driver/Src/stm32h7xx_hal_tim.o
 .text.TIM_TI2_ConfigInputStage
                0x000000000800a16a       0x60 ./Drivers/STM32H7xx_HAL_Driver/Src/stm32h7xx_hal_tim.o
 *fill*         0x000000000800a1ca        0x2 
 .text.TIM_ITRx_SetConfig
                0x000000000800a1cc       0x3c ./Drivers/STM32H7xx_HAL_Driver/Src/stm32h7xx_hal_tim.o
 .text.TIM_ETR_SetConfig
                0x000000000800a208       0x40 ./Drivers/STM32H7xx_HAL_Driver/Src/stm32h7xx_hal_tim.o
                0x000000000800a208                TIM_ETR_SetConfig
 .text.HAL_TIMEx_MasterConfigSynchronization
                0x000000000800a248      0x11c ./Drivers/STM32H7xx_HAL_Driver/Src/stm32h7xx_hal_tim_ex.o
                0x000000000800a248                HAL_TIMEx_MasterConfigSynchronization
 .text.memset   0x000000000800a364       0x10 C:/ST/STM32CubeIDE_1.14.0/STM32CubeIDE/plugins/com.st.stm32cube.ide.mcu.externaltools.gnu-tools-for-stm32.11.3.rel1.win32_1.1.100.202309141235/tools/bin/../lib/gcc/arm-none-eabi/11.3.1/../../../../arm-none-eabi/lib/thumb/v7e-m+dp/hard\libc_nano.a(libc_a-memset.o)
                0x000000000800a364                memset
 .text.__libc_init_array
                0x000000000800a374       0x48 C:/ST/STM32CubeIDE_1.14.0/STM32CubeIDE/plugins/com.st.stm32cube.ide.mcu.externaltools.gnu-tools-for-stm32.11.3.rel1.win32_1.1.100.202309141235/tools/bin/../lib/gcc/arm-none-eabi/11.3.1/../../../../arm-none-eabi/lib/thumb/v7e-m+dp/hard\libc_nano.a(libc_a-init.o)
                0x000000000800a374                __libc_init_array
 .text.memcpy   0x000000000800a3bc       0x1c C:/ST/STM32CubeIDE_1.14.0/STM32CubeIDE/plugins/com.st.stm32cube.ide.mcu.externaltools.gnu-tools-for-stm32.11.3.rel1.win32_1.1.100.202309141235/tools/bin/../lib/gcc/arm-none-eabi/11.3.1/../../../../arm-none-eabi/lib/thumb/v7e-m+dp/hard\libc_nano.a(libc_a-memcpy-stub.o)
                0x000000000800a3bc                memcpy
 *(.glue_7)
 .glue_7        0x000000000800a3d8        0x0 linker stubs
 *(.glue_7t)
 .glue_7t       0x000000000800a3d8        0x0 linker stubs
 *(.eh_frame)
 .eh_frame      0x000000000800a3d8        0x0 C:/ST/STM32CubeIDE_1.14.0/STM32CubeIDE/plugins/com.st.stm32cube.ide.mcu.externaltools.gnu-tools-for-stm32.11.3.rel1.win32_1.1.100.202309141235/tools/bin/../lib/gcc/arm-none-eabi/11.3.1/thumb/v7e-m+dp/hard/crtbegin.o
 *(.init)
 .init          0x000000000800a3d8        0x4 C:/ST/STM32CubeIDE_1.14.0/STM32CubeIDE/plugins/com.st.stm32cube.ide.mcu.externaltools.gnu-tools-for-stm32.11.3.rel1.win32_1.1.100.202309141235/tools/bin/../lib/gcc/arm-none-eabi/11.3.1/thumb/v7e-m+dp/hard/crti.o
                0x000000000800a3d8                _init
 .init          0x000000000800a3dc        0x8 C:/ST/STM32CubeIDE_1.14.0/STM32CubeIDE/plugins/com.st.stm32cube.ide.mcu.externaltools.gnu-tools-for-stm32.11.3.rel1.win32_1.1.100.202309141235/tools/bin/../lib/gcc/arm-none-eabi/11.3.1/thumb/v7e-m+dp/hard/crtn.o
 *(.fini)
 .fini          0x000000000800a3e4        0x4 C:/ST/STM32CubeIDE_1.14.0/STM32CubeIDE/plugins/com.st.stm32cube.ide.mcu.externaltools.gnu-tools-for-stm32.11.3.rel1.win32_1.1.100.202309141235/tools/bin/../lib/gcc/arm-none-eabi/11.3.1/thumb/v7e-m+dp/hard/crti.o
                0x000000000800a3e4                _fini
 .fini          0x000000000800a3e8        0x8 C:/ST/STM32CubeIDE_1.14.0/STM32CubeIDE/plugins/com.st.stm32cube.ide.mcu.externaltools.gnu-tools-for-stm32.11.3.rel1.win32_1.1.100.202309141235/tools/bin/../lib/gcc/arm-none-eabi/11.3.1/thumb/v7e-m+dp/hard/crtn.o
                0x000000000800a3f0                . = ALIGN (0x4)
                0x000000000800a3f0                _etext = .

.vfp11_veneer   0x000000000800a3f0        0x0
 .vfp11_veneer  0x000000000800a3f0        0x0 linker stubs

.v4_bx          0x000000000800a3f0        0x0
 .v4_bx         0x000000000800a3f0        0x0 linker stubs

.iplt           0x000000000800a3f0        0x0
 .iplt          0x000000000800a3f0        0x0 C:/ST/STM32CubeIDE_1.14.0/STM32CubeIDE/plugins/com.st.stm32cube.ide.mcu.externaltools.gnu-tools-for-stm32.11.3.rel1.win32_1.1.100.202309141235/tools/bin/../lib/gcc/arm-none-eabi/11.3.1/thumb/v7e-m+dp/hard/crtbegin.o

.rodata         0x000000000800a3f0       0x18
                0x000000000800a3f0                . = ALIGN (0x4)
 *(.rodata)
 *(.rodata*)
 .rodata.D1CorePrescTable
                0x000000000800a3f0       0x10 ./Core/Src/system_stm32h7xx.o
                0x000000000800a3f0                D1CorePrescTable
 .rodata.flagBitshiftOffset.0
                0x000000000800a400        0x8 ./Drivers/STM32H7xx_HAL_Driver/Src/stm32h7xx_hal_dma.o
                0x000000000800a408                . = ALIGN (0x4)

.ARM.extab
 *(.ARM.extab* .gnu.linkonce.armextab.*)

.ARM            0x000000000800a408        0x0
                0x000000000800a408                __exidx_start = .
 *(.ARM.exidx*)
                0x000000000800a408                __exidx_end = .

.preinit_array  0x000000000800a408        0x0
                0x000000000800a408                PROVIDE (__preinit_array_start = .)
 *(.preinit_array*)
                0x000000000800a408                PROVIDE (__preinit_array_end = .)

.init_array     0x000000000800a408        0x4
                0x000000000800a408                PROVIDE (__init_array_start = .)
 *(SORT_BY_NAME(.init_array.*))
 *(.init_array*)
 .init_array    0x000000000800a408        0x4 C:/ST/STM32CubeIDE_1.14.0/STM32CubeIDE/plugins/com.st.stm32cube.ide.mcu.externaltools.gnu-tools-for-stm32.11.3.rel1.win32_1.1.100.202309141235/tools/bin/../lib/gcc/arm-none-eabi/11.3.1/thumb/v7e-m+dp/hard/crtbegin.o
                0x000000000800a40c                PROVIDE (__init_array_end = .)

.fini_array     0x000000000800a40c        0x4
                [!provide]                        PROVIDE (__fini_array_start = .)
 *(SORT_BY_NAME(.fini_array.*))
 *(.fini_array*)
 .fini_array    0x000000000800a40c        0x4 C:/ST/STM32CubeIDE_1.14.0/STM32CubeIDE/plugins/com.st.stm32cube.ide.mcu.externaltools.gnu-tools-for-stm32.11.3.rel1.win32_1.1.100.202309141235/tools/bin/../lib/gcc/arm-none-eabi/11.3.1/thumb/v7e-m+dp/hard/crtbegin.o
                [!provide]                        PROVIDE (__fini_array_end = .)
                0x000000000800a410                _sidata = LOADADDR (.data)

.rel.dyn        0x000000000800a410        0x0
 .rel.iplt      0x000000000800a410        0x0 C:/ST/STM32CubeIDE_1.14.0/STM32CubeIDE/plugins/com.st.stm32cube.ide.mcu.externaltools.gnu-tools-for-stm32.11.3.rel1.win32_1.1.100.202309141235/tools/bin/../lib/gcc/arm-none-eabi/11.3.1/thumb/v7e-m+dp/hard/crtbegin.o

.data           0x0000000024000000       0x10 load address 0x000000000800a410
                0x0000000024000000                . = ALIGN (0x4)
                0x0000000024000000                _sdata = .
 *(.data)
 *(.data*)
 .data.SystemCoreClock
                0x0000000024000000        0x4 ./Core/Src/system_stm32h7xx.o
                0x0000000024000000                SystemCoreClock
 .data.SystemD2Clock
                0x0000000024000004        0x4 ./Core/Src/system_stm32h7xx.o
                0x0000000024000004                SystemD2Clock
 .data.uwTickPrio
                0x0000000024000008        0x4 ./Drivers/STM32H7xx_HAL_Driver/Src/stm32h7xx_hal.o
                0x0000000024000008                uwTickPrio
 .data.uwTickFreq
                0x000000002400000c        0x1 ./Drivers/STM32H7xx_HAL_Driver/Src/stm32h7xx_hal.o
                0x000000002400000c                uwTickFreq
 *(.RamFunc)
 *(.RamFunc*)
                0x0000000024000010                . = ALIGN (0x4)
 *fill*         0x000000002400000d        0x3 
                0x0000000024000010                _edata = .

.igot.plt       0x0000000024000010        0x0 load address 0x000000000800a420
 .igot.plt      0x0000000024000010        0x0 C:/ST/STM32CubeIDE_1.14.0/STM32CubeIDE/plugins/com.st.stm32cube.ide.mcu.externaltools.gnu-tools-for-stm32.11.3.rel1.win32_1.1.100.202309141235/tools/bin/../lib/gcc/arm-none-eabi/11.3.1/thumb/v7e-m+dp/hard/crtbegin.o
                0x0000000024000010                . = ALIGN (0x4)

.bss            0x0000000024000010      0x174 load address 0x000000000800a420
                0x0000000024000010                _sbss = .
                0x0000000024000010                __bss_start__ = _sbss
 *(.bss)
 .bss           0x0000000024000010       0x1c C:/ST/STM32CubeIDE_1.14.0/STM32CubeIDE/plugins/com.st.stm32cube.ide.mcu.externaltools.gnu-tools-for-stm32.11.3.rel1.win32_1.1.100.202309141235/tools/bin/../lib/gcc/arm-none-eabi/11.3.1/thumb/v7e-m+dp/hard/crtbegin.o
 *(.bss*)
 .bss.hadc1     0x000000002400002c       0x64 ./Core/Src/adc.o
                0x000000002400002c                hadc1
 .bss.hdma_adc1
                0x0000000024000090       0x78 ./Core/Src/adc.o
                0x0000000024000090                hdma_adc1
 .bss.s_hadc    0x0000000024000108        0x4 ./Core/Src/adc_app.o
 .bss.s_htim    0x000000002400010c        0x4 ./Core/Src/adc_app.o
 .bss.s_adc_dma_buf
                0x0000000024000110       0x14 ./Core/Src/adc_app.o
 .bss.s_latest_frame
                0x0000000024000124        0xa ./Core/Src/adc_app.o
 .bss.s_frame_ready
                0x000000002400012e        0x1 ./Core/Src/adc_app.o
 *fill*         0x000000002400012f        0x1 
 .bss.s_inj_latest
                0x0000000024000130        0x2 ./Core/Src/adc_app.o
 .bss.s_inj_ready
                0x0000000024000132        0x1 ./Core/Src/adc_app.o
 *fill*         0x0000000024000133        0x1 
 .bss.htim2     0x0000000024000134       0x4c ./Core/Src/tim.o
                0x0000000024000134                htim2
 .bss.uwTick    0x0000000024000180        0x4 ./Drivers/STM32H7xx_HAL_Driver/Src/stm32h7xx_hal.o
                0x0000000024000180                uwTick
 *(COMMON)
                0x0000000024000184                . = ALIGN (0x4)
                0x0000000024000184                _ebss = .
                0x0000000024000184                __bss_end__ = _ebss

._user_heap_stack
                0x0000000024000184      0x604 load address 0x000000000800a420
                0x0000000024000188                . = ALIGN (0x8)
 *fill*         0x0000000024000184        0x4 
                [!provide]                        PROVIDE (end = .)
                0x0000000024000188                PROVIDE (_end = .)
                0x0000000024000388                . = (. + _Min_Heap_Size)
 *fill*         0x0000000024000188      0x200 
                0x0000000024000788                . = (. + _Min_Stack_Size)
 *fill*         0x0000000024000388      0x400 
                0x0000000024000788                . = ALIGN (0x8)

/DISCARD/
 libc.a(*)
 libm.a(*)
 libgcc.a(*)

.ARM.attributes
                0x0000000000000000       0x2e
 *(.ARM.attributes)
 .ARM.attributes
                0x0000000000000000       0x1e C:/ST/STM32CubeIDE_1.14.0/STM32CubeIDE/plugins/com.st.stm32cube.ide.mcu.externaltools.gnu-tools-for-stm32.11.3.rel1.win32_1.1.100.202309141235/tools/bin/../lib/gcc/arm-none-eabi/11.3.1/thumb/v7e-m+dp/hard/crti.o
 .ARM.attributes
                0x000000000000001e       0x32 C:/ST/STM32CubeIDE_1.14.0/STM32CubeIDE/plugins/com.st.stm32cube.ide.mcu.externaltools.gnu-tools-for-stm32.11.3.rel1.win32_1.1.100.202309141235/tools/bin/../lib/gcc/arm-none-eabi/11.3.1/thumb/v7e-m+dp/hard/crtbegin.o
 .ARM.attributes
                0x0000000000000050       0x32 ./Core/Src/adc.o
 .ARM.attributes
                0x0000000000000082       0x32 ./Core/Src/adc_app.o
 .ARM.attributes
                0x00000000000000b4       0x32 ./Core/Src/dma.o
 .ARM.attributes
                0x00000000000000e6       0x32 ./Core/Src/gpio.o
 .ARM.attributes
                0x0000000000000118       0x32 ./Core/Src/main.o
 .ARM.attributes
                0x000000000000014a       0x32 ./Core/Src/stm32h7xx_hal_msp.o
 .ARM.attributes
                0x000000000000017c       0x32 ./Core/Src/stm32h7xx_it.o
 .ARM.attributes
                0x00000000000001ae       0x32 ./Core/Src/system_stm32h7xx.o
 .ARM.attributes
                0x00000000000001e0       0x32 ./Core/Src/tim.o
 .ARM.attributes
                0x0000000000000212       0x21 ./Core/Startup/startup_stm32h753zitx.o
 .ARM.attributes
                0x0000000000000233       0x32 ./Drivers/STM32H7xx_HAL_Driver/Src/stm32h7xx_hal.o
 .ARM.attributes
                0x0000000000000265       0x32 ./Drivers/STM32H7xx_HAL_Driver/Src/stm32h7xx_hal_adc.o
 .ARM.attributes
                0x0000000000000297       0x32 ./Drivers/STM32H7xx_HAL_Driver/Src/stm32h7xx_hal_adc_ex.o
 .ARM.attributes
                0x00000000000002c9       0x32 ./Drivers/STM32H7xx_HAL_Driver/Src/stm32h7xx_hal_cortex.o
 .ARM.attributes
                0x00000000000002fb       0x32 ./Drivers/STM32H7xx_HAL_Driver/Src/stm32h7xx_hal_dma.o
 .ARM.attributes
                0x000000000000032d       0x32 ./Drivers/STM32H7xx_HAL_Driver/Src/stm32h7xx_hal_gpio.o
 .ARM.attributes
                0x000000000000035f       0x32 ./Drivers/STM32H7xx_HAL_Driver/Src/stm32h7xx_hal_pwr_ex.o
 .ARM.attributes
                0x0000000000000391       0x32 ./Drivers/STM32H7xx_HAL_Driver/Src/stm32h7xx_hal_rcc.o
 .ARM.attributes
                0x00000000000003c3       0x32 ./Drivers/STM32H7xx_HAL_Driver/Src/stm32h7xx_hal_rcc_ex.o
 .ARM.attributes
                0x00000000000003f5       0x32 ./Drivers/STM32H7xx_HAL_Driver/Src/stm32h7xx_hal_tim.o
 .ARM.attributes
                0x0000000000000427       0x32 ./Drivers/STM32H7xx_HAL_Driver/Src/stm32h7xx_hal_tim_ex.o
 .ARM.attributes
                0x0000000000000459       0x32 C:/ST/STM32CubeIDE_1.14.0/STM32CubeIDE/plugins/com.st.stm32cube.ide.mcu.externaltools.gnu-tools-for-stm32.11.3.rel1.win32_1.1.100.202309141235/tools/bin/../lib/gcc/arm-none-eabi/11.3.1/../../../../arm-none-eabi/lib/thumb/v7e-m+dp/hard\libc_nano.a(libc_a-memset.o)
 .ARM.attributes
                0x000000000000048b       0x32 C:/ST/STM32CubeIDE_1.14.0/STM32CubeIDE/plugins/com.st.stm32cube.ide.mcu.externaltools.gnu-tools-for-stm32.11.3.rel1.win32_1.1.100.202309141235/tools/bin/../lib/gcc/arm-none-eabi/11.3.1/../../../../arm-none-eabi/lib/thumb/v7e-m+dp/hard\libc_nano.a(libc_a-init.o)
 .ARM.attributes
                0x00000000000004bd       0x32 C:/ST/STM32CubeIDE_1.14.0/STM32CubeIDE/plugins/com.st.stm32cube.ide.mcu.externaltools.gnu-tools-for-stm32.11.3.rel1.win32_1.1.100.202309141235/tools/bin/../lib/gcc/arm-none-eabi/11.3.1/../../../../arm-none-eabi/lib/thumb/v7e-m+dp/hard\libc_nano.a(libc_a-memcpy-stub.o)
 .ARM.attributes
                0x00000000000004ef       0x1e C:/ST/STM32CubeIDE_1.14.0/STM32CubeIDE/plugins/com.st.stm32cube.ide.mcu.externaltools.gnu-tools-for-stm32.11.3.rel1.win32_1.1.100.202309141235/tools/bin/../lib/gcc/arm-none-eabi/11.3.1/thumb/v7e-m+dp/hard/crtn.o
OUTPUT(ADC_TIMTrigger_Scan_DMA_Circular_Diff.elf elf32-littlearm)
LOAD linker stubs
LOAD C:/ST/STM32CubeIDE_1.14.0/STM32CubeIDE/plugins/com.st.stm32cube.ide.mcu.externaltools.gnu-tools-for-stm32.11.3.rel1.win32_1.1.100.202309141235/tools/bin/../lib/gcc/arm-none-eabi/11.3.1/../../../../arm-none-eabi/lib/thumb/v7e-m+dp/hard\libc.a
LOAD C:/ST/STM32CubeIDE_1.14.0/STM32CubeIDE/plugins/com.st.stm32cube.ide.mcu.externaltools.gnu-tools-for-stm32.11.3.rel1.win32_1.1.100.202309141235/tools/bin/../lib/gcc/arm-none-eabi/11.3.1/../../../../arm-none-eabi/lib/thumb/v7e-m+dp/hard\libm.a
LOAD C:/ST/STM32CubeIDE_1.14.0/STM32CubeIDE/plugins/com.st.stm32cube.ide.mcu.externaltools.gnu-tools-for-stm32.11.3.rel1.win32_1.1.100.202309141235/tools/bin/../lib/gcc/arm-none-eabi/11.3.1/thumb/v7e-m+dp/hard\libgcc.a

.comment        0x0000000000000000       0x43
 .comment       0x0000000000000000       0x43 C:/ST/STM32CubeIDE_1.14.0/STM32CubeIDE/plugins/com.st.stm32cube.ide.mcu.externaltools.gnu-tools-for-stm32.11.3.rel1.win32_1.1.100.202309141235/tools/bin/../lib/gcc/arm-none-eabi/11.3.1/thumb/v7e-m+dp/hard/crtbegin.o
                                         0x44 (size before relaxing)
 .comment       0x0000000000000043       0x44 ./Core/Src/adc.o
 .comment       0x0000000000000043       0x44 ./Core/Src/adc_app.o
 .comment       0x0000000000000043       0x44 ./Core/Src/dma.o
 .comment       0x0000000000000043       0x44 ./Core/Src/gpio.o
 .comment       0x0000000000000043       0x44 ./Core/Src/main.o
 .comment       0x0000000000000043       0x44 ./Core/Src/stm32h7xx_hal_msp.o
 .comment       0x0000000000000043       0x44 ./Core/Src/stm32h7xx_it.o
 .comment       0x0000000000000043       0x44 ./Core/Src/system_stm32h7xx.o
 .comment       0x0000000000000043       0x44 ./Core/Src/tim.o
 .comment       0x0000000000000043       0x44 ./Drivers/STM32H7xx_HAL_Driver/Src/stm32h7xx_hal.o
 .comment       0x0000000000000043       0x44 ./Drivers/STM32H7xx_HAL_Driver/Src/stm32h7xx_hal_adc.o
 .comment       0x0000000000000043       0x44 ./Drivers/STM32H7xx_HAL_Driver/Src/stm32h7xx_hal_adc_ex.o
 .comment       0x0000000000000043       0x44 ./Drivers/STM32H7xx_HAL_Driver/Src/stm32h7xx_hal_cortex.o
 .comment       0x0000000000000043       0x44 ./Drivers/STM32H7xx_HAL_Driver/Src/stm32h7xx_hal_dma.o
 .comment       0x0000000000000043       0x44 ./Drivers/STM32H7xx_HAL_Driver/Src/stm32h7xx_hal_gpio.o
 .comment       0x0000000000000043       0x44 ./Drivers/STM32H7xx_HAL_Driver/Src/stm32h7xx_hal_pwr_ex.o
 .comment       0x0000000000000043       0x44 ./Drivers/STM32H7xx_HAL_Driver/Src/stm32h7xx_hal_rcc.o
 .comment       0x0000000000000043       0x44 ./Drivers/STM32H7xx_HAL_Driver/Src/stm32h7xx_hal_rcc_ex.o
 .comment       0x0000000000000043       0x44 ./Drivers/STM32H7xx_HAL_Driver/Src/stm32h7xx_hal_tim.o
 .comment       0x0000000000000043       0x44 ./Drivers/STM32H7xx_HAL_Driver/Src/stm32h7xx_hal_tim_ex.o

.debug_info     0x0000000000000000    0x15f7f
 .debug_info    0x0000000000000000     0x1893 ./Core/Src/adc.o
 .debug_info    0x0000000000001893      0xf78 ./Core/Src/adc_app.o
 .debug_info    0x000000000000280b      0x829 ./Core/Src/dma.o
 .debug_info    0x0000000000003034      0x4ce ./Core/Src/gpio.o
 .debug_info    0x0000000000003502     0x1373 ./Core/Src/main.o
 .debug_info    0x0000000000004875      0x464 ./Core/Src/stm32h7xx_hal_msp.o
 .debug_info    0x0000000000004cd9      0x90e ./Core/Src/stm32h7xx_it.o
 .debug_info    0x00000000000055e7      0xdb2 ./Core/Src/system_stm32h7xx.o
 .debug_info    0x0000000000006399      0xcdb ./Core/Src/tim.o
 .debug_info    0x0000000000007074       0x23 ./Core/Startup/startup_stm32h753zitx.o
 .debug_info    0x0000000000007097     0x1541 ./Drivers/STM32H7xx_HAL_Driver/Src/stm32h7xx_hal.o
 .debug_info    0x00000000000085d8     0x1d85 ./Drivers/STM32H7xx_HAL_Driver/Src/stm32h7xx_hal_adc.o
 .debug_info    0x000000000000a35d     0x1ea6 ./Drivers/STM32H7xx_HAL_Driver/Src/stm32h7xx_hal_adc_ex.o
 .debug_info    0x000000000000c203     0x10b7 ./Drivers/STM32H7xx_HAL_Driver/Src/stm32h7xx_hal_cortex.o
 .debug_info    0x000000000000d2ba      0xc31 ./Drivers/STM32H7xx_HAL_Driver/Src/stm32h7xx_hal_dma.o
 .debug_info    0x000000000000deeb      0xc5a ./Drivers/STM32H7xx_HAL_Driver/Src/stm32h7xx_hal_gpio.o
 .debug_info    0x000000000000eb45     0x1012 ./Drivers/STM32H7xx_HAL_Driver/Src/stm32h7xx_hal_pwr_ex.o
 .debug_info    0x000000000000fb57      0xe6a ./Drivers/STM32H7xx_HAL_Driver/Src/stm32h7xx_hal_rcc.o
 .debug_info    0x00000000000109c1     0x1225 ./Drivers/STM32H7xx_HAL_Driver/Src/stm32h7xx_hal_rcc_ex.o
 .debug_info    0x0000000000011be6     0x2bae ./Drivers/STM32H7xx_HAL_Driver/Src/stm32h7xx_hal_tim.o
 .debug_info    0x0000000000014794     0x17eb ./Drivers/STM32H7xx_HAL_Driver/Src/stm32h7xx_hal_tim_ex.o

.debug_abbrev   0x0000000000000000     0x2c33
 .debug_abbrev  0x0000000000000000      0x268 ./Core/Src/adc.o
 .debug_abbrev  0x0000000000000268      0x245 ./Core/Src/adc_app.o
 .debug_abbrev  0x00000000000004ad      0x11e ./Core/Src/dma.o
 .debug_abbrev  0x00000000000005cb       0xe8 ./Core/Src/gpio.o
 .debug_abbrev  0x00000000000006b3      0x2d4 ./Core/Src/main.o
 .debug_abbrev  0x0000000000000987       0xdb ./Core/Src/stm32h7xx_hal_msp.o
 .debug_abbrev  0x0000000000000a62      0x18e ./Core/Src/stm32h7xx_it.o
 .debug_abbrev  0x0000000000000bf0      0x165 ./Core/Src/system_stm32h7xx.o
 .debug_abbrev  0x0000000000000d55      0x1f7 ./Core/Src/tim.o
 .debug_abbrev  0x0000000000000f4c       0x12 ./Core/Startup/startup_stm32h753zitx.o
 .debug_abbrev  0x0000000000000f5e      0x295 ./Drivers/STM32H7xx_HAL_Driver/Src/stm32h7xx_hal.o
 .debug_abbrev  0x00000000000011f3      0x2d1 ./Drivers/STM32H7xx_HAL_Driver/Src/stm32h7xx_hal_adc.o
 .debug_abbrev  0x00000000000014c4      0x31a ./Drivers/STM32H7xx_HAL_Driver/Src/stm32h7xx_hal_adc_ex.o
 .debug_abbrev  0x00000000000017de      0x339 ./Drivers/STM32H7xx_HAL_Driver/Src/stm32h7xx_hal_cortex.o
 .debug_abbrev  0x0000000000001b17      0x248 ./Drivers/STM32H7xx_HAL_Driver/Src/stm32h7xx_hal_dma.o
 .debug_abbrev  0x0000000000001d5f      0x205 ./Drivers/STM32H7xx_HAL_Driver/Src/stm32h7xx_hal_gpio.o
 .debug_abbrev  0x0000000000001f64      0x2a7 ./Drivers/STM32H7xx_HAL_Driver/Src/stm32h7xx_hal_pwr_ex.o
 .debug_abbrev  0x000000000000220b      0x2c8 ./Drivers/STM32H7xx_HAL_Driver/Src/stm32h7xx_hal_rcc.o
 .debug_abbrev  0x00000000000024d3      0x269 ./Drivers/STM32H7xx_HAL_Driver/Src/stm32h7xx_hal_rcc_ex.o
 .debug_abbrev  0x000000000000273c      0x276 ./Drivers/STM32H7xx_HAL_Driver/Src/stm32h7xx_hal_tim.o
 .debug_abbrev  0x00000000000029b2      0x281 ./Drivers/STM32H7xx_HAL_Driver/Src/stm32h7xx_hal_tim_ex.o

.debug_aranges  0x0000000000000000     0x1248
 .debug_aranges
                0x0000000000000000       0x30 ./Core/Src/adc.o
 .debug_aranges
                0x0000000000000030       0x78 ./Core/Src/adc_app.o
 .debug_aranges
                0x00000000000000a8       0x20 ./Core/Src/dma.o
 .debug_aranges
                0x00000000000000c8       0x20 ./Core/Src/gpio.o
 .debug_aranges
                0x00000000000000e8       0x38 ./Core/Src/main.o
 .debug_aranges
                0x0000000000000120       0x20 ./Core/Src/stm32h7xx_hal_msp.o
 .debug_aranges
                0x0000000000000140       0x70 ./Core/Src/stm32h7xx_it.o
 .debug_aranges
                0x00000000000001b0       0x30 ./Core/Src/system_stm32h7xx.o
 .debug_aranges
                0x00000000000001e0       0x30 ./Core/Src/tim.o
 .debug_aranges
                0x0000000000000210       0x28 ./Core/Startup/startup_stm32h753zitx.o
 .debug_aranges
                0x0000000000000238      0x198 ./Drivers/STM32H7xx_HAL_Driver/Src/stm32h7xx_hal.o
 .debug_aranges
                0x00000000000003d0      0x230 ./Drivers/STM32H7xx_HAL_Driver/Src/stm32h7xx_hal_adc.o
 .debug_aranges
                0x0000000000000600      0x1e0 ./Drivers/STM32H7xx_HAL_Driver/Src/stm32h7xx_hal_adc_ex.o
 .debug_aranges
                0x00000000000007e0      0x130 ./Drivers/STM32H7xx_HAL_Driver/Src/stm32h7xx_hal_cortex.o
 .debug_aranges
                0x0000000000000910       0xa0 ./Drivers/STM32H7xx_HAL_Driver/Src/stm32h7xx_hal_dma.o
 .debug_aranges
                0x00000000000009b0       0x58 ./Drivers/STM32H7xx_HAL_Driver/Src/stm32h7xx_hal_gpio.o
 .debug_aranges
                0x0000000000000a08      0x158 ./Drivers/STM32H7xx_HAL_Driver/Src/stm32h7xx_hal_pwr_ex.o
 .debug_aranges
                0x0000000000000b60       0x88 ./Drivers/STM32H7xx_HAL_Driver/Src/stm32h7xx_hal_rcc.o
 .debug_aranges
                0x0000000000000be8       0xf8 ./Drivers/STM32H7xx_HAL_Driver/Src/stm32h7xx_hal_rcc_ex.o
 .debug_aranges
                0x0000000000000ce0      0x3e0 ./Drivers/STM32H7xx_HAL_Driver/Src/stm32h7xx_hal_tim.o
 .debug_aranges
                0x00000000000010c0      0x188 ./Drivers/STM32H7xx_HAL_Driver/Src/stm32h7xx_hal_tim_ex.o

.debug_rnglists
                0x0000000000000000      0xe07
 .debug_rnglists
                0x0000000000000000       0x21 ./Core/Src/adc.o
 .debug_rnglists
                0x0000000000000021       0x55 ./Core/Src/adc_app.o
 .debug_rnglists
                0x0000000000000076       0x13 ./Core/Src/dma.o
 .debug_rnglists
                0x0000000000000089       0x14 ./Core/Src/gpio.o
 .debug_rnglists
                0x000000000000009d       0x26 ./Core/Src/main.o
 .debug_rnglists
                0x00000000000000c3       0x13 ./Core/Src/stm32h7xx_hal_msp.o
 .debug_rnglists
                0x00000000000000d6       0x4f ./Core/Src/stm32h7xx_it.o
 .debug_rnglists
                0x0000000000000125       0x21 ./Core/Src/system_stm32h7xx.o
 .debug_rnglists
                0x0000000000000146       0x20 ./Core/Src/tim.o
 .debug_rnglists
                0x0000000000000166       0x19 ./Core/Startup/startup_stm32h753zitx.o
 .debug_rnglists
                0x000000000000017f      0x131 ./Drivers/STM32H7xx_HAL_Driver/Src/stm32h7xx_hal.o
 .debug_rnglists
                0x00000000000002b0      0x1af ./Drivers/STM32H7xx_HAL_Driver/Src/stm32h7xx_hal_adc.o
 .debug_rnglists
                0x000000000000045f      0x175 ./Drivers/STM32H7xx_HAL_Driver/Src/stm32h7xx_hal_adc_ex.o
 .debug_rnglists
                0x00000000000005d4       0xe0 ./Drivers/STM32H7xx_HAL_Driver/Src/stm32h7xx_hal_cortex.o
 .debug_rnglists
                0x00000000000006b4       0x82 ./Drivers/STM32H7xx_HAL_Driver/Src/stm32h7xx_hal_dma.o
 .debug_rnglists
                0x0000000000000736       0x3f ./Drivers/STM32H7xx_HAL_Driver/Src/stm32h7xx_hal_gpio.o
 .debug_rnglists
                0x0000000000000775      0x103 ./Drivers/STM32H7xx_HAL_Driver/Src/stm32h7xx_hal_pwr_ex.o
 .debug_rnglists
                0x0000000000000878       0x68 ./Drivers/STM32H7xx_HAL_Driver/Src/stm32h7xx_hal_rcc.o
 .debug_rnglists
                0x00000000000008e0       0xc0 ./Drivers/STM32H7xx_HAL_Driver/Src/stm32h7xx_hal_rcc_ex.o
 .debug_rnglists
                0x00000000000009a0      0x328 ./Drivers/STM32H7xx_HAL_Driver/Src/stm32h7xx_hal_tim.o
 .debug_rnglists
                0x0000000000000cc8      0x13f ./Drivers/STM32H7xx_HAL_Driver/Src/stm32h7xx_hal_tim_ex.o

.debug_macro    0x0000000000000000    0x39795
 .debug_macro   0x0000000000000000      0x2cb ./Core/Src/adc.o
 .debug_macro   0x00000000000002cb      0xac6 ./Core/Src/adc.o
 .debug_macro   0x0000000000000d91      0x238 ./Core/Src/adc.o
 .debug_macro   0x0000000000000fc9       0x2e ./Core/Src/adc.o
 .debug_macro   0x0000000000000ff7       0x3b ./Core/Src/adc.o
 .debug_macro   0x0000000000001032       0x22 ./Core/Src/adc.o
 .debug_macro   0x0000000000001054       0x8e ./Core/Src/adc.o
 .debug_macro   0x00000000000010e2       0x51 ./Core/Src/adc.o
 .debug_macro   0x0000000000001133      0x103 ./Core/Src/adc.o
 .debug_macro   0x0000000000001236       0x6a ./Core/Src/adc.o
 .debug_macro   0x00000000000012a0      0x1df ./Core/Src/adc.o
 .debug_macro   0x000000000000147f       0x1c ./Core/Src/adc.o
 .debug_macro   0x000000000000149b       0x22 ./Core/Src/adc.o
 .debug_macro   0x00000000000014bd       0xfb ./Core/Src/adc.o
 .debug_macro   0x00000000000015b8     0x1305 ./Core/Src/adc.o
 .debug_macro   0x00000000000028bd      0x11f ./Core/Src/adc.o
 .debug_macro   0x00000000000029dc       0x27 ./Core/Src/adc.o
 .debug_macro   0x0000000000002a03    0x261cc ./Core/Src/adc.o
 .debug_macro   0x0000000000028bcf       0x6d ./Core/Src/adc.o
 .debug_macro   0x0000000000028c3c     0x3d79 ./Core/Src/adc.o
 .debug_macro   0x000000000002c9b5      0x174 ./Core/Src/adc.o
 .debug_macro   0x000000000002cb29       0x61 ./Core/Src/adc.o
 .debug_macro   0x000000000002cb8a       0x29 ./Core/Src/adc.o
 .debug_macro   0x000000000002cbb3       0x43 ./Core/Src/adc.o
 .debug_macro   0x000000000002cbf6       0x34 ./Core/Src/adc.o
 .debug_macro   0x000000000002cc2a       0x16 ./Core/Src/adc.o
 .debug_macro   0x000000000002cc40       0x43 ./Core/Src/adc.o
 .debug_macro   0x000000000002cc83       0x34 ./Core/Src/adc.o
 .debug_macro   0x000000000002ccb7       0x10 ./Core/Src/adc.o
 .debug_macro   0x000000000002ccc7       0x58 ./Core/Src/adc.o
 .debug_macro   0x000000000002cd1f       0x8e ./Core/Src/adc.o
 .debug_macro   0x000000000002cdad       0x1c ./Core/Src/adc.o
 .debug_macro   0x000000000002cdc9      0x177 ./Core/Src/adc.o
 .debug_macro   0x000000000002cf40      0x369 ./Core/Src/adc.o
 .debug_macro   0x000000000002d2a9      0x19b ./Core/Src/adc.o
 .debug_macro   0x000000000002d444       0x5d ./Core/Src/adc.o
 .debug_macro   0x000000000002d4a1     0x240e ./Core/Src/adc.o
 .debug_macro   0x000000000002f8af     0x102c ./Core/Src/adc.o
 .debug_macro   0x00000000000308db      0x154 ./Core/Src/adc.o
 .debug_macro   0x0000000000030a2f      0x114 ./Core/Src/adc.o
 .debug_macro   0x0000000000030b43      0x3b6 ./Core/Src/adc.o
 .debug_macro   0x0000000000030ef9       0xac ./Core/Src/adc.o
 .debug_macro   0x0000000000030fa5      0x72d ./Core/Src/adc.o
 .debug_macro   0x00000000000316d2      0x228 ./Core/Src/adc.o
 .debug_macro   0x00000000000318fa       0x66 ./Core/Src/adc.o
 .debug_macro   0x0000000000031960      0x3bb ./Core/Src/adc.o
 .debug_macro   0x0000000000031d1b      0x3e4 ./Core/Src/adc.o
 .debug_macro   0x00000000000320ff      0x275 ./Core/Src/adc.o
 .debug_macro   0x0000000000032374     0x1044 ./Core/Src/adc.o
 .debug_macro   0x00000000000333b8      0x6cc ./Core/Src/adc.o
 .debug_macro   0x0000000000033a84      0x383 ./Core/Src/adc.o
 .debug_macro   0x0000000000033e07      0x3ca ./Core/Src/adc.o
 .debug_macro   0x00000000000341d1      0x408 ./Core/Src/adc.o
 .debug_macro   0x00000000000345d9       0x51 ./Core/Src/adc.o
 .debug_macro   0x000000000003462a       0x4a ./Core/Src/adc.o
 .debug_macro   0x0000000000034674      0x22c ./Core/Src/adc.o
 .debug_macro   0x00000000000348a0       0x67 ./Core/Src/adc.o
 .debug_macro   0x0000000000034907       0xa5 ./Core/Src/adc.o
 .debug_macro   0x00000000000349ac      0x1c4 ./Core/Src/adc.o
 .debug_macro   0x0000000000034b70      0x25e ./Core/Src/adc.o
 .debug_macro   0x0000000000034dce       0x35 ./Core/Src/adc.o
 .debug_macro   0x0000000000034e03      0xafa ./Core/Src/adc.o
 .debug_macro   0x00000000000358fd      0x29f ./Core/Src/adc.o
 .debug_macro   0x0000000000035b9c      0x5ac ./Core/Src/adc.o
 .debug_macro   0x0000000000036148      0x2f9 ./Core/Src/adc_app.o
 .debug_macro   0x0000000000036441       0x22 ./Core/Src/adc_app.o
 .debug_macro   0x0000000000036463       0x16 ./Core/Src/adc_app.o
 .debug_macro   0x0000000000036479       0x16 ./Core/Src/adc_app.o
 .debug_macro   0x000000000003648f       0x35 ./Core/Src/adc_app.o
 .debug_macro   0x00000000000364c4       0x20 ./Core/Src/adc_app.o
 .debug_macro   0x00000000000364e4      0x2cb ./Core/Src/dma.o
 .debug_macro   0x00000000000367af      0x2cb ./Core/Src/gpio.o
 .debug_macro   0x0000000000036a7a      0x2ff ./Core/Src/main.o
 .debug_macro   0x0000000000036d79      0x2c1 ./Core/Src/stm32h7xx_hal_msp.o
 .debug_macro   0x000000000003703a      0x2cb ./Core/Src/stm32h7xx_it.o
 .debug_macro   0x0000000000037305      0x2b7 ./Core/Src/system_stm32h7xx.o
 .debug_macro   0x00000000000375bc      0x2cb ./Core/Src/tim.o
 .debug_macro   0x0000000000037887      0x2e1 ./Drivers/STM32H7xx_HAL_Driver/Src/stm32h7xx_hal.o
 .debug_macro   0x0000000000037b68      0x2db ./Drivers/STM32H7xx_HAL_Driver/Src/stm32h7xx_hal_adc.o
 .debug_macro   0x0000000000037e43      0x2c3 ./Drivers/STM32H7xx_HAL_Driver/Src/stm32h7xx_hal_adc_ex.o
 .debug_macro   0x0000000000038106      0x2b7 ./Drivers/STM32H7xx_HAL_Driver/Src/stm32h7xx_hal_cortex.o
 .debug_macro   0x00000000000383bd      0x30b ./Drivers/STM32H7xx_HAL_Driver/Src/stm32h7xx_hal_dma.o
 .debug_macro   0x00000000000386c8      0x2be ./Drivers/STM32H7xx_HAL_Driver/Src/stm32h7xx_hal_gpio.o
 .debug_macro   0x0000000000038986      0x2f0 ./Drivers/STM32H7xx_HAL_Driver/Src/stm32h7xx_hal_pwr_ex.o
 .debug_macro   0x0000000000038c76      0x2db ./Drivers/STM32H7xx_HAL_Driver/Src/stm32h7xx_hal_rcc.o
 .debug_macro   0x0000000000038f51      0x2d5 ./Drivers/STM32H7xx_HAL_Driver/Src/stm32h7xx_hal_rcc_ex.o
 .debug_macro   0x0000000000039226      0x2b8 ./Drivers/STM32H7xx_HAL_Driver/Src/stm32h7xx_hal_tim.o
 .debug_macro   0x00000000000394de      0x2b7 ./Drivers/STM32H7xx_HAL_Driver/Src/stm32h7xx_hal_tim_ex.o

.debug_line     0x0000000000000000    0x190f4
 .debug_line    0x0000000000000000      0xa98 ./Core/Src/adc.o
 .debug_line    0x0000000000000a98      0xb27 ./Core/Src/adc_app.o
 .debug_line    0x00000000000015bf      0x8f4 ./Core/Src/dma.o
 .debug_line    0x0000000000001eb3      0x8f8 ./Core/Src/gpio.o
 .debug_line    0x00000000000027ab      0xa26 ./Core/Src/main.o
 .debug_line    0x00000000000031d1      0x8f7 ./Core/Src/stm32h7xx_hal_msp.o
 .debug_line    0x0000000000003ac8      0x9eb ./Core/Src/stm32h7xx_it.o
 .debug_line    0x00000000000044b3      0xae6 ./Core/Src/system_stm32h7xx.o
 .debug_line    0x0000000000004f99      0x963 ./Core/Src/tim.o
 .debug_line    0x00000000000058fc       0x7b ./Core/Startup/startup_stm32h753zitx.o
 .debug_line    0x0000000000005977      0xea3 ./Drivers/STM32H7xx_HAL_Driver/Src/stm32h7xx_hal.o
 .debug_line    0x000000000000681a     0x23f8 ./Drivers/STM32H7xx_HAL_Driver/Src/stm32h7xx_hal_adc.o
 .debug_line    0x0000000000008c12     0x201b ./Drivers/STM32H7xx_HAL_Driver/Src/stm32h7xx_hal_adc_ex.o
 .debug_line    0x000000000000ac2d      0xeda ./Drivers/STM32H7xx_HAL_Driver/Src/stm32h7xx_hal_cortex.o
 .debug_line    0x000000000000bb07     0x27f4 ./Drivers/STM32H7xx_HAL_Driver/Src/stm32h7xx_hal_dma.o
 .debug_line    0x000000000000e2fb      0xd69 ./Drivers/STM32H7xx_HAL_Driver/Src/stm32h7xx_hal_gpio.o
 .debug_line    0x000000000000f064      0xfcc ./Drivers/STM32H7xx_HAL_Driver/Src/stm32h7xx_hal_pwr_ex.o
 .debug_line    0x0000000000010030     0x1476 ./Drivers/STM32H7xx_HAL_Driver/Src/stm32h7xx_hal_rcc.o
 .debug_line    0x00000000000114a6     0x1df2 ./Drivers/STM32H7xx_HAL_Driver/Src/stm32h7xx_hal_rcc_ex.o
 .debug_line    0x0000000000013298     0x4013 ./Drivers/STM32H7xx_HAL_Driver/Src/stm32h7xx_hal_tim.o
 .debug_line    0x00000000000172ab     0x1e49 ./Drivers/STM32H7xx_HAL_Driver/Src/stm32h7xx_hal_tim_ex.o

.debug_str      0x0000000000000000   0x1734c8
 .debug_str     0x0000000000000000   0x16de7a ./Core/Src/adc.o
                                     0x16e6e3 (size before relaxing)
 .debug_str     0x000000000016de7a      0x622 ./Core/Src/adc_app.o
                                     0x16dbc4 (size before relaxing)
 .debug_str     0x000000000016e49c       0x29 ./Core/Src/dma.o
                                     0x16d977 (size before relaxing)
 .debug_str     0x000000000016e4c5       0x2c ./Core/Src/gpio.o
                                     0x16d11c (size before relaxing)
 .debug_str     0x000000000016e4f1      0x387 ./Core/Src/main.o
                                     0x16ddcd (size before relaxing)
 .debug_str     0x000000000016e878       0x2c ./Core/Src/stm32h7xx_hal_msp.o
                                     0x16d11c (size before relaxing)
 .debug_str     0x000000000016e8a4      0x107 ./Core/Src/stm32h7xx_it.o
                                     0x16d5e8 (size before relaxing)
 .debug_str     0x000000000016e9ab      0x347 ./Core/Src/system_stm32h7xx.o
                                     0x16d48e (size before relaxing)
 .debug_str     0x000000000016ecf2      0x142 ./Core/Src/tim.o
                                     0x16d8e5 (size before relaxing)
 .debug_str     0x000000000016ee34       0x34 ./Core/Startup/startup_stm32h753zitx.o
                                         0x93 (size before relaxing)
 .debug_str     0x000000000016ee68      0x7ed ./Drivers/STM32H7xx_HAL_Driver/Src/stm32h7xx_hal.o
                                     0x16e374 (size before relaxing)
 .debug_str     0x000000000016f655      0xaa3 ./Drivers/STM32H7xx_HAL_Driver/Src/stm32h7xx_hal_adc.o
                                     0x16e20c (size before relaxing)
 .debug_str     0x00000000001700f8      0x5b6 ./Drivers/STM32H7xx_HAL_Driver/Src/stm32h7xx_hal_adc_ex.o
                                     0x16e24b (size before relaxing)
 .debug_str     0x00000000001706ae      0x2b9 ./Drivers/STM32H7xx_HAL_Driver/Src/stm32h7xx_hal_cortex.o
                                     0x16ddaf (size before relaxing)
 .debug_str     0x0000000000170967      0x83b ./Drivers/STM32H7xx_HAL_Driver/Src/stm32h7xx_hal_dma.o
                                     0x16db89 (size before relaxing)
 .debug_str     0x00000000001711a2      0x12d ./Drivers/STM32H7xx_HAL_Driver/Src/stm32h7xx_hal_gpio.o
                                     0x16d406 (size before relaxing)
 .debug_str     0x00000000001712cf      0x624 ./Drivers/STM32H7xx_HAL_Driver/Src/stm32h7xx_hal_pwr_ex.o
                                     0x16d8c7 (size before relaxing)
 .debug_str     0x00000000001718f3      0x21a ./Drivers/STM32H7xx_HAL_Driver/Src/stm32h7xx_hal_rcc.o
                                     0x16d7ea (size before relaxing)
 .debug_str     0x0000000000171b0d      0x630 ./Drivers/STM32H7xx_HAL_Driver/Src/stm32h7xx_hal_rcc_ex.o
                                     0x16dccb (size before relaxing)
 .debug_str     0x000000000017213d      0xe04 ./Drivers/STM32H7xx_HAL_Driver/Src/stm32h7xx_hal_tim.o
                                     0x16e589 (size before relaxing)
 .debug_str     0x0000000000172f41      0x587 ./Drivers/STM32H7xx_HAL_Driver/Src/stm32h7xx_hal_tim_ex.o
                                     0x16deb1 (size before relaxing)

.debug_frame    0x0000000000000000     0x4d20
 .debug_frame   0x0000000000000000       0x80 ./Core/Src/adc.o
 .debug_frame   0x0000000000000080      0x1a4 ./Core/Src/adc_app.o
 .debug_frame   0x0000000000000224       0x34 ./Core/Src/dma.o
 .debug_frame   0x0000000000000258       0x38 ./Core/Src/gpio.o
 .debug_frame   0x0000000000000290       0x90 ./Core/Src/main.o
 .debug_frame   0x0000000000000320       0x38 ./Core/Src/stm32h7xx_hal_msp.o
 .debug_frame   0x0000000000000358      0x13c ./Core/Src/stm32h7xx_it.o
 .debug_frame   0x0000000000000494       0x78 ./Core/Src/system_stm32h7xx.o
 .debug_frame   0x000000000000050c       0x84 ./Core/Src/tim.o
 .debug_frame   0x0000000000000590      0x690 ./Drivers/STM32H7xx_HAL_Driver/Src/stm32h7xx_hal.o
 .debug_frame   0x0000000000000c20      0xa50 ./Drivers/STM32H7xx_HAL_Driver/Src/stm32h7xx_hal_adc.o
 .debug_frame   0x0000000000001670      0x8b4 ./Drivers/STM32H7xx_HAL_Driver/Src/stm32h7xx_hal_adc_ex.o
 .debug_frame   0x0000000000001f24      0x508 ./Drivers/STM32H7xx_HAL_Driver/Src/stm32h7xx_hal_cortex.o
 .debug_frame   0x000000000000242c      0x2b4 ./Drivers/STM32H7xx_HAL_Driver/Src/stm32h7xx_hal_dma.o
 .debug_frame   0x00000000000026e0      0x14c ./Drivers/STM32H7xx_HAL_Driver/Src/stm32h7xx_hal_gpio.o
 .debug_frame   0x000000000000282c      0x580 ./Drivers/STM32H7xx_HAL_Driver/Src/stm32h7xx_hal_pwr_ex.o
 .debug_frame   0x0000000000002dac      0x1f8 ./Drivers/STM32H7xx_HAL_Driver/Src/stm32h7xx_hal_rcc.o
 .debug_frame   0x0000000000002fa4      0x414 ./Drivers/STM32H7xx_HAL_Driver/Src/stm32h7xx_hal_rcc_ex.o
 .debug_frame   0x00000000000033b8     0x121c ./Drivers/STM32H7xx_HAL_Driver/Src/stm32h7xx_hal_tim.o
 .debug_frame   0x00000000000045d4      0x6d8 ./Drivers/STM32H7xx_HAL_Driver/Src/stm32h7xx_hal_tim_ex.o
 .debug_frame   0x0000000000004cac       0x20 C:/ST/STM32CubeIDE_1.14.0/STM32CubeIDE/plugins/com.st.stm32cube.ide.mcu.externaltools.gnu-tools-for-stm32.11.3.rel1.win32_1.1.100.202309141235/tools/bin/../lib/gcc/arm-none-eabi/11.3.1/../../../../arm-none-eabi/lib/thumb/v7e-m+dp/hard\libc_nano.a(libc_a-memset.o)
 .debug_frame   0x0000000000004ccc       0x2c C:/ST/STM32CubeIDE_1.14.0/STM32CubeIDE/plugins/com.st.stm32cube.ide.mcu.externaltools.gnu-tools-for-stm32.11.3.rel1.win32_1.1.100.202309141235/tools/bin/../lib/gcc/arm-none-eabi/11.3.1/../../../../arm-none-eabi/lib/thumb/v7e-m+dp/hard\libc_nano.a(libc_a-init.o)
 .debug_frame   0x0000000000004cf8       0x28 C:/ST/STM32CubeIDE_1.14.0/STM32CubeIDE/plugins/com.st.stm32cube.ide.mcu.externaltools.gnu-tools-for-stm32.11.3.rel1.win32_1.1.100.202309141235/tools/bin/../lib/gcc/arm-none-eabi/11.3.1/../../../../arm-none-eabi/lib/thumb/v7e-m+dp/hard\libc_nano.a(libc_a-memcpy-stub.o)

.debug_line_str
                0x0000000000000000       0x87
 .debug_line_str
                0x0000000000000000       0x87 ./Core/Startup/startup_stm32h753zitx.o
                                         0x9f (size before relaxing)
